=== job 1184 allocated nodes: gpu-[01-02,04-05,07] ===
=== started: 2026-10-06T16:18:29+00:00 ===
=== dispatching fold 1 → gpu-01 ===
=== dispatching fold 2 → gpu-02 ===
=== dispatching fold 3 → gpu-04 ===
=== dispatching fold 4 → gpu-05 ===
=== dispatching fold 5 → gpu-07 ===
[gpu-01.hpc.sbme-labs.app] fold 1 started at 2026-10-06T16:18:29+00:00
[gpu-01.hpc.sbme-labs.app] GPU: NVIDIA GeForce RTX 5070 Ti, 16303 MiB
[gpu-02.hpc.sbme-labs.app] fold 2 started at 2026-10-06T16:18:29+00:00
[gpu-04.hpc.sbme-labs.app] fold 3 started at 2026-10-06T16:18:29+00:00
[gpu-07.hpc.sbme-labs.app] fold 5 started at 2026-10-06T16:18:29+00:00
[gpu-05.hpc.sbme-labs.app] fold 4 started at 2026-10-06T19:18:29+03:00
[gpu-02.hpc.sbme-labs.app] GPU: NVIDIA GeForce RTX 5060 Ti, 16311 MiB
[gpu-07.hpc.sbme-labs.app] GPU: NVIDIA GeForce RTX 3090, 24576 MiB
[gpu-05.hpc.sbme-labs.app] GPU: NVIDIA GeForce RTX 3090, 24576 MiB
[gpu-04.hpc.sbme-labs.app] GPU: NVIDIA GeForce RTX 4060 Ti, 16380 MiB
Device:  cuda
Model:   V-JEPA 2.1 giant (vjepa2_1_vitg_384)
Window:  4 s context + 2 s target at 4 fps
Device:  cuda
Model:   V-JEPA 2.1 giant (vjepa2_1_vitg_384)
Window:  4 s context + 2 s target at 4 fps
Device:  cuda
Model:   V-JEPA 2.1 giant (vjepa2_1_vitg_384)
Window:  4 s context + 2 s target at 4 fps
Device:  cuda
Model:   V-JEPA 2.1 giant (vjepa2_1_vitg_384)
Window:  4 s context + 2 s target at 4 fps
Device:  cuda
Model:   V-JEPA 2.1 giant (vjepa2_1_vitg_384)
Window:  4 s context + 2 s target at 4 fps
  → surprise = 0.3204  segments → segments4/0265d9f8-923f-4660-9977-c682565f3ed0_segments.csv
  → surprise = 0.3422  segments → segments4/02c626cf-058c-444c-b1f9-5340ed8b4bd3_segments.csv
  → surprise = 0.3487  segments → segments4/03551c71-b8ec-4a5d-9f41-5543e2fcf567_segments.csv
  → surprise = 0.3518  segments → segments4/04041aaa-d309-42db-b65c-dcaf86b9f96c_segments.csv
  → surprise = 0.3450  segments → segments4/0418078c-19ac-4337-9107-3493b22fe38a_segments.csv
  → surprise = 0.3388  segments → segments4/078b33d5-2f4c-40a1-b710-cdd368a19ff0_segments.csv
  → surprise = 0.3207  segments → segments4/089a5df8-49b1-4494-86b6-2a87dcaa4d50_segments.csv
  → surprise = 0.3454  segments → segments4/0a3097fc-baed-4d11-a4c9-30f07eb91af6_segments.csv
  → surprise = 0.3410  segments → segments4/0a47c74a-dad9-42d5-b937-0f375490f034_segments.csv
  → surprise = 0.3362  segments → segments4/0a913608-709d-42d9-a90d-273caefdc153_segments.csv
  → surprise = 0.3553  segments → segments4/0b116f31-29ec-4bf3-929f-923d4332aabd_segments.csv
  → surprise = 0.3549  segments → segments4/0c64acce-31a9-442e-8149-17a430872353_segments.csv
  → surprise = 0.3465  segments → segments4/0fd866bf-bce5-44b4-b983-2b34887a16de_segments.csv
  → surprise = 0.3507  segments → segments4/11f1a11d-fa7d-442c-933e-005f59a80017_segments.csv
  → surprise = 0.3299  segments → segments4/145881ef-5578-460d-bb5a-6fb80ef7d457_segments.csv
  → surprise = 0.3419  segments → segments4/14930452-dbe8-4cd3-847d-e0f680f330d5_segments.csv
  → surprise = 0.3422  segments → segments4/15260985-2664-4bb5-af9c-d65e11ea8bb5_segments.csv
  → surprise = 0.3591  segments → segments4/153b24ac-473c-4b00-bb4e-807e59ca42df_segments.csv
  → surprise = 0.3553  segments → segments4/15758e99-690c-49d0-ae5f-92acc47df06e_segments.csv
  → surprise = 0.3615  segments → segments4/169e8647-bb16-4ac5-b3e2-a8c671f9247b_segments.csv
  → surprise = 0.3410  segments → segments4/177bf424-0775-46f7-815a-f4645baa3118_segments.csv
  → surprise = 0.3674  segments → segments4/18a3bd90-78c3-429a-b92e-614d58a849b9_segments.csv
  → surprise = 0.3380  segments → segments4/18f5b7b3-8d27-467f-9b48-1d8abe4a643f_segments.csv
  → surprise = 0.3453  segments → segments4/1b2f832a-7c17-4ca8-b7c3-49ac9dbaceb3_segments.csv
  → surprise = 0.3423  segments → segments4/1d2e0345-9131-4521-828a-0d3c9225b891_segments.csv
  → surprise = 0.3502  segments → segments4/1d8b1b3c-b8f3-4a3d-9137-65b4b15dd343_segments.csv
  → surprise = 0.3582  segments → segments4/1e2bab69-06bd-41e1-a718-8befd673718d_segments.csv
  → surprise = 0.3493  segments → segments4/2043d7fa-c369-431e-8bd4-3826c6c5d9cc_segments.csv
  → surprise = 0.3577  segments → segments4/23e0af07-6932-4ccf-8551-3a720d141b89_segments.csv
  → surprise = 0.2738  segments → segments4/24a02211-4687-49eb-b1e3-cf325e0629e7_segments.csv
  → surprise = 0.3476  segments → segments4/24b995e8-9150-43be-953c-f96959c151b5_segments.csv
  → surprise = 0.3321  segments → segments4/2578155d-dc0b-40b5-9f54-4ebf4d0817cf_segments.csv
  → surprise = 0.3513  segments → segments4/2d13c92e-f43f-40f2-b603-cb749e5fee70_segments.csv
  → surprise = 0.3534  segments → segments4/2f7d8c50-9b58-4309-8fc2-66fc21b29660_segments.csv
  → surprise = 0.3409  segments → segments4/31823fc2-911c-4c7e-9e0c-c80b27d07932_segments.csv
  → surprise = 0.3111  segments → segments4/31d6fe77-da70-42da-8f47-66bb79b9285b_segments.csv
  → surprise = 0.3166  segments → segments4/34f3b964-8543-4963-b3b4-27934be7cff4_segments.csv
  → surprise = 0.3125  segments → segments4/38245bd9-df0e-4746-a0be-f0ca08f42932_segments.csv
  → surprise = 0.3344  segments → segments4/38597d15-4567-4311-98a4-59ab292280ed_segments.csv
  → surprise = 0.3397  segments → segments4/38a2bc41-5adf-494e-9089-32d7c4d0693d_segments.csv
  → surprise = 0.3126  segments → segments4/39530710-7963-4aed-93b0-bc4ac00fc955_segments.csv
  → surprise = 0.3477  segments → segments4/39fad077-4508-47a8-905d-e41c1b5244f0_segments.csv
  → surprise = 0.3594  segments → segments4/3c3f2a57-c5c5-4d63-9d7a-fdb7faf48170_segments.csv
  → surprise = 0.3504  segments → segments4/3c7f716e-b3c3-4e9b-96a4-b5997a29a3e7_segments.csv
  → surprise = 0.3394  segments → segments4/3e624af7-d3ae-4261-a832-75bdc2ad1ec8_segments.csv
  → surprise = 0.3265  segments → segments4/3ef5b4d9-c030-4d52-8452-4261f34cbc97_segments.csv
  → surprise = 0.3150  segments → segments4/3ef7fcd2-ae08-4cb6-9e04-8dc09c94a289_segments.csv
  → surprise = 0.3532  segments → segments4/3fe80cfa-8dba-4fb6-9c27-b835de536130_segments.csv
  → surprise = 0.3435  segments → segments4/403c8fda-5fcb-4d33-9120-3c7d78ac133d_segments.csv
  → surprise = 0.3546  segments → segments4/4058b376-bd99-47ae-96f5-8a320fa6bf8c_segments.csv
  → surprise = 0.3498  segments → segments4/415c9b83-b4a1-49ba-832b-f77c2e6f996c_segments.csv
  → surprise = 0.3522  segments → segments4/417fc345-e8ac-4a76-972e-29d05162adae_segments.csv
  → surprise = 0.3497  segments → segments4/4258e010-c431-4598-9de7-9b366533365d_segments.csv
  → surprise = 0.3582  segments → segments4/42d72164-8f4a-49e4-8b95-b3ad423ba65b_segments.csv
  → surprise = 0.3543  segments → segments4/470499d1-e015-4d45-a858-ca3e9566085e_segments.csv
  → surprise = 0.3160  segments → segments4/470a56ba-b0eb-4f4e-a400-e8f08b23333a_segments.csv
  → surprise = 0.3413  segments → segments4/48ef7602-1c01-463a-ae63-39c916cf8ae1_segments.csv
  → surprise = 0.3194  segments → segments4/49266876-8d00-4600-a909-0679ca0c8f64_segments.csv
  → surprise = 0.3531  segments → segments4/4b3153ab-c0dd-4792-ad9a-96abe1311da4_segments.csv
  → surprise = 0.3463  segments → segments4/4bddae9e-8ffb-4a03-9421-adf6268d91b6_segments.csv
  → surprise = 0.3489  segments → segments4/4d486e18-8b02-4ac5-a72f-512cce852ee9_segments.csv
  → surprise = 0.3592  segments → segments4/5037539c-b8fc-411b-8617-b541d0f3c1a9_segments.csv
  → surprise = 0.3534  segments → segments4/50a395ca-e434-46f3-a2f8-67fc4ca3874b_segments.csv
  → surprise = 0.2772  segments → segments4/529cfb73-f07a-4e0c-b57a-267b8db5573f_segments.csv
  → surprise = 0.3370  segments → segments4/543ac6fc-9f77-4cdd-b7fe-6721cb037916_segments.csv
  → surprise = 0.3437  segments → segments4/543e4c99-5d9f-407d-be75-c397d633fe56_segments.csv
  → surprise = 0.3427  segments → segments4/554d4ede-fc51-4b98-9f00-ecba89fc5dc0_segments.csv
  → surprise = 0.3042  segments → segments4/56a3b49c-6979-4253-9ff5-2733c3e2f229_segments.csv
  → surprise = 0.3311  segments → segments4/57bd636b-317b-45c0-96f6-e091c9fc25a6_segments.csv
  → surprise = 0.3207  segments → segments4/58d33246-dc42-49ea-ac5f-c0f6266eb5a4_segments.csv
  → surprise = 0.3491  segments → segments4/593cab1b-96ae-4f05-8d13-4f6e9016c655_segments.csv
  → surprise = 0.3581  segments → segments4/5b43dc9d-437e-4866-9bba-f31a7656d85b_segments.csv
  → surprise = 0.3480  segments → segments4/5b8d1174-5bcc-4d25-a84c-2357031657fe_segments.csv
  → surprise = 0.3392  segments → segments4/5ca76592-eb15-4531-9c28-a1431c115f41_segments.csv
  → surprise = 0.3483  segments → segments4/5f221da1-babb-4589-846c-3ac4fcffef13_segments.csv
  → surprise = 0.3465  segments → segments4/6051ce8c-05cc-424e-a752-0c8c2c2efeb9_segments.csv
  → surprise = 0.3283  segments → segments4/608904b1-7168-4902-8319-40865438dfdf_segments.csv
  → surprise = 0.3527  segments → segments4/625b21f3-4b7e-4a71-afcb-cb39256f3c56_segments.csv
  → surprise = 0.3622  segments → segments4/6269fa52-58af-46d3-9a4b-7aca66c3b622_segments.csv
  → surprise = 0.3387  segments → segments4/62d9a56e-920a-4343-9ce6-dac8ffa260ac_segments.csv
  → surprise = 0.3421  segments → segments4/642ef839-a815-48f4-a367-b128d4d5cb69_segments.csv
  → surprise = 0.3371  segments → segments4/64e11125-8205-4992-96c9-330e4a6a6ac0_segments.csv
  → surprise = 0.3528  segments → segments4/680d4471-d4f3-45d0-b533-aee586e05a55_segments.csv
  → surprise = 0.3310  segments → segments1/00aaf182-c2c5-4891-80f1-ef01b2bc9729_segments.csv
  → surprise = 0.3448  segments → segments1/03cc49c3-a7d1-445b-9a2a-545c4fae6843_segments.csv
  → surprise = 0.3518  segments → segments1/055f3cf1-1133-4260-b5a0-31e7ca1726a1_segments.csv
  → surprise = 0.3506  segments → segments1/059e870d-60ea-46e9-86ee-fc6b1833f4f6_segments.csv
  → surprise = 0.3389  segments → segments1/08920cde-46d5-4bfd-b664-1002c25f1bc4_segments.csv
  → surprise = 0.3463  segments → segments1/098db269-8fd6-4523-bb52-d2d186b05bf1_segments.csv
  → surprise = 0.3448  segments → segments1/0b2a883e-ac67-4a08-8835-cfd91bff9bc7_segments.csv
  → surprise = 0.3346  segments → segments1/0ce2e11c-1094-4cad-84ba-db101b7d20f0_segments.csv
  → surprise = 0.3514  segments → segments1/0fceaa33-ea95-4f9b-be64-bdc397063125_segments.csv
  → surprise = 0.3282  segments → segments1/153cd84b-0345-4590-90f6-f66c294db429_segments.csv
  → surprise = 0.3420  segments → segments1/179e2e46-e5dd-44df-b22a-e77b804cfa34_segments.csv
  → surprise = 0.3558  segments → segments1/1b1acfa6-ee3b-483c-9c0a-245d70d7125f_segments.csv
  → surprise = 0.2958  segments → segments1/1b76a1d5-c1bf-4b36-8865-93e5795f3f2b_segments.csv
  → surprise = 0.3499  segments → segments1/1bd516e5-4543-47df-b357-5c531830f8a8_segments.csv
  → surprise = 0.3399  segments → segments1/1c663b98-e28a-4036-b66e-17d942902d32_segments.csv
  → surprise = 0.3337  segments → segments1/1cafbe94-f037-4a5f-a281-2de44a70f5a1_segments.csv
  → surprise = 0.3475  segments → segments1/1d7cd66c-4924-4044-af0a-1ce0130c0b60_segments.csv
  → surprise = 0.3402  segments → segments1/1dc4752a-338d-4d9b-820e-0a6b3add776e_segments.csv
  → surprise = 0.3400  segments → segments1/1e1f9480-f15b-42e3-9948-08ff3f71e8ce_segments.csv
  → surprise = 0.3486  segments → segments1/2089deff-774a-4592-86e9-30b322b3466e_segments.csv
  → surprise = 0.3058  segments → segments1/24a69341-ecd7-4a87-a7ed-de4421b77ecf_segments.csv
  → surprise = 0.3130  segments → segments1/25b2f1d5-7266-401c-bdfa-32944607f564_segments.csv
  → surprise = 0.3298  segments → segments1/26054ab4-4967-47b5-9b6c-e8a62f9295e0_segments.csv
  → surprise = 0.3523  segments → segments1/26557ee1-ac24-422f-b0c5-a768f241afc1_segments.csv
  → surprise = 0.3486  segments → segments1/2a854c4f-0d6f-4a88-9623-48e055fdd938_segments.csv
  → surprise = 0.3582  segments → segments1/2b21d0f3-cb6b-4b5e-a418-fbe2dd69e023_segments.csv
  → surprise = 0.3458  segments → segments1/2c357976-e84b-4578-a215-6ad7c8089d5f_segments.csv
  → surprise = 0.3420  segments → segments1/2cc06457-5c98-4514-8400-0872602a858b_segments.csv
  → surprise = 0.3404  segments → segments1/2dd9ae3d-c14f-455e-8f35-aa9ae193e4de_segments.csv
  → surprise = 0.3525  segments → segments1/2f6bc7cb-452e-43e3-8745-a978539cefbc_segments.csv
  → surprise = 0.3245  segments → segments1/31193c29-f48b-4176-9178-f050b5df20cc_segments.csv
  → surprise = 0.3133  segments → segments1/32020aa0-b6b4-4bb8-909f-8f31e21a0536_segments.csv
  → surprise = 0.3621  segments → segments1/320e73ce-08e0-40bf-945c-f4515d03621f_segments.csv
  → surprise = 0.3402  segments → segments1/34240230-b681-4f0e-b3d8-b486aeb1104d_segments.csv
  → surprise = 0.3435  segments → segments1/35ab724d-5dba-4094-927b-e7bc5ad8cf41_segments.csv
  → surprise = 0.3430  segments → segments1/370deca1-0a54-4512-b3ee-b689ccfd7930_segments.csv
  → surprise = 0.3559  segments → segments1/38d73af2-908c-4113-acca-61c746bde6d1_segments.csv
  → surprise = 0.3391  segments → segments1/3be1075c-d217-4dfa-9931-0519acdabf88_segments.csv
  → surprise = 0.3411  segments → segments1/3ca237be-c835-43a4-8325-eba657e05037_segments.csv
  → surprise = 0.3383  segments → segments1/3de24d73-5871-4b33-9984-af311383f5d9_segments.csv
  → surprise = 0.3411  segments → segments1/3e040df0-537d-416c-9466-36fd2f7daf6b_segments.csv
  → surprise = 0.3577  segments → segments1/3eab637e-2e94-4ec7-b773-8e4c9e627aa0_segments.csv
  → surprise = 0.3152  segments → segments1/4208953c-0041-4a10-94d9-83adfae7df1f_segments.csv
  → surprise = 0.3417  segments → segments1/4651e5c2-4371-4af2-8f05-cb8b0b1ec7fd_segments.csv
  → surprise = 0.3577  segments → segments1/46d2622d-7e89-4480-8754-7700b9809d4d_segments.csv
  → surprise = 0.3258  segments → segments1/47c9a6a5-b6e4-4d09-8916-da61344e94cf_segments.csv
  → surprise = 0.3557  segments → segments1/487ca35f-25c6-4e5d-9ba9-d079bc4c162a_segments.csv
  → surprise = 0.3338  segments → segments1/4ca1210e-7abc-48e8-b45c-a27b083648a3_segments.csv
  → surprise = 0.3092  segments → segments1/4d317654-36e6-460d-926a-d82336db4dfd_segments.csv
  → surprise = 0.3485  segments → segments1/4d836cd7-d7fb-411e-bd50-79b92f5e5bfd_segments.csv
  → surprise = 0.3561  segments → segments1/4d8a0a06-ac77-4c0f-a699-520566300df5_segments.csv
  → surprise = 0.3432  segments → segments1/4db1ca4b-5568-44a7-af24-d0127971cdf0_segments.csv
  → surprise = 0.3118  segments → segments1/4db27f90-739c-49ba-8c57-a8b8a97eae35_segments.csv
  → surprise = 0.3523  segments → segments1/4e440197-0547-456f-82c9-750eaba3b32f_segments.csv
  → surprise = 0.3240  segments → segments1/4fc422f7-d6e1-454b-b11c-f6c2a4b9fbcb_segments.csv
  → surprise = 0.3587  segments → segments1/509160ad-d4be-4e15-87d1-fd739a18fb14_segments.csv
  → surprise = 0.3334  segments → segments1/51211aef-2c3e-4e63-9f29-45fe1794797a_segments.csv
  → surprise = 0.3426  segments → segments1/538c2f0a-f89e-47b5-b012-047a1b98de27_segments.csv
  → surprise = 0.3509  segments → segments1/53d9589b-c4c2-487b-824b-c59bcb7b1b05_segments.csv
  → surprise = 0.3420  segments → segments1/547a1524-58f1-47a6-915f-dab6027e98ff_segments.csv
  → surprise = 0.3571  segments → segments1/54eedfff-d8e8-439c-818e-93565e529dcc_segments.csv
  → surprise = 0.3552  segments → segments1/561afed5-2d03-4de3-8ed2-450fb37f95a2_segments.csv
  → surprise = 0.3593  segments → segments1/57c5dc7c-6498-4cb5-84d3-c811f1cc2235_segments.csv
  → surprise = 0.3026  segments → segments1/583dc873-0ccd-4d04-bb56-4d403ab28e85_segments.csv
  → surprise = 0.3228  segments → segments1/584f625d-15b0-49e8-bfa6-718b9cf010e0_segments.csv
  → surprise = 0.3548  segments → segments1/5921839a-19f2-435c-abc7-a2e40505f9cd_segments.csv
  → surprise = 0.3111  segments → segments1/5a6434fd-e0ea-4777-b4d2-45845362f171_segments.csv
  → surprise = 0.3216  segments → segments1/5c4c0dc4-dfac-4398-93e4-cb0d9bb14d2a_segments.csv
  → surprise = 0.3512  segments → segments1/5ccb4566-36e2-40dd-b15a-a4ed7a1a950b_segments.csv
  → surprise = 0.2971  segments → segments1/5dc1c853-352d-49ae-886a-b72f6d6e70a4_segments.csv
  → surprise = 0.3462  segments → segments1/5e847ad2-1bc8-4fd6-b3ff-696a4d38468d_segments.csv
  → surprise = 0.3646  segments → segments1/625bf0d3-98a2-464e-8d76-ea35e593561a_segments.csv
  → surprise = 0.3542  segments → segments1/6274d89c-da32-4b43-93e0-1ae49efafca6_segments.csv
  → surprise = 0.3424  segments → segments1/62ae490a-6809-4632-800f-b6441bec15b0_segments.csv
  → surprise = 0.3279  segments → segments1/6306375a-1533-4f3c-843b-0cd51b4bf449_segments.csv
  → surprise = 0.3547  segments → segments1/639f05bb-f592-4684-ae8e-435d1b7ed605_segments.csv
  → surprise = 0.3487  segments → segments1/64747fa7-c7b9-46fc-ac9d-ea9a514d91df_segments.csv
  → surprise = 0.3376  segments → segments1/655ceb71-0b02-478c-9baa-c0e9ebd28804_segments.csv
  → surprise = 0.3532  segments → segments1/65a3c49f-3332-4f4c-a275-507d8412e3d8_segments.csv
  → surprise = 0.3424  segments → segments1/661952ef-7067-48c7-a6ee-fd93f7e6e450_segments.csv
  → surprise = 0.3530  segments → segments1/6a1682a3-61c6-43a6-a413-4244b351946e_segments.csv
  → surprise = 0.3222  segments → segments1/6a2fa96b-86b5-43e6-9aae-5b144ab15927_segments.csv
  → surprise = 0.3205  segments → segments1/6a75b089-b74e-4e45-a345-422587f04f01_segments.csv
  → surprise = 0.3533  segments → segments2/014995a6-77e7-48b2-98b6-a7422e44d03e_segments.csv
  → surprise = 0.3419  segments → segments2/020f30ad-0a70-4aaf-835b-fb394830b06c_segments.csv
  → surprise = 0.3243  segments → segments2/031215a5-c4ff-4059-bf36-8416955c336a_segments.csv
  → surprise = 0.3313  segments → segments2/040f2150-b7a8-42e7-a1f3-7b419da1f4c4_segments.csv
  → surprise = 0.3398  segments → segments2/05e1a189-89b6-4cc0-a452-4ae2b89a86f3_segments.csv
  → surprise = 0.3494  segments → segments2/06bb2e99-5112-4987-ac5b-9fd52bb144d0_segments.csv
  → surprise = 0.3576  segments → segments2/083b7556-9dff-40e2-9fad-bef3f82dbf37_segments.csv
  → surprise = 0.3486  segments → segments2/0985a807-7323-4d24-b84f-232976651efc_segments.csv
  → surprise = 0.3408  segments → segments2/0c435c7a-50bb-4d11-9068-77159069468f_segments.csv
  → surprise = 0.3605  segments → segments2/0e14ddcf-4044-4615-bd28-22720f47901d_segments.csv
  → surprise = 0.3412  segments → segments2/0e2cb44b-37ef-4c3f-882d-a85ee706fbbe_segments.csv
  → surprise = 0.3512  segments → segments2/0f809826-2ccb-4a75-abbd-81125f65994c_segments.csv
  → surprise = 0.3590  segments → segments2/0fdb6072-c99e-406a-8190-9c4e9f37403b_segments.csv
  → surprise = 0.3472  segments → segments2/14ae0636-b0f6-41cf-af7c-bf532820ba17_segments.csv
  → surprise = 0.3582  segments → segments2/14bcb17c-f70a-41d5-b10d-294388084dfc_segments.csv
  → surprise = 0.3328  segments → segments2/159a03bd-00f6-47db-8e10-6f0e6a992b22_segments.csv
  → surprise = 0.3221  segments → segments2/15db3714-87b2-407a-a0b7-574a89aac6a6_segments.csv
  → surprise = 0.3368  segments → segments2/18d704a0-736d-4423-9d1e-ceaea3423d93_segments.csv
  → surprise = 0.3515  segments → segments2/192accf0-c649-46b7-a9c1-c0595b2f83d5_segments.csv
  → surprise = 0.3535  segments → segments2/198a806e-93dd-407f-ad35-b1e20344071d_segments.csv
  → surprise = 0.3522  segments → segments2/1a03645e-c9bd-406a-8a49-1f8731bcd062_segments.csv
  → surprise = 0.3505  segments → segments2/1aa9115a-ed78-43aa-a084-3fa62ec69e14_segments.csv
  → surprise = 0.3397  segments → segments2/1b187c2e-68d0-4e99-bc3a-6fef292f152b_segments.csv
  → surprise = 0.3569  segments → segments2/1b9f06a7-b26d-4c74-863e-1d4fa22bbc37_segments.csv
  → surprise = 0.3652  segments → segments2/1db856a0-4f21-4c54-8ca5-93cb251109c3_segments.csv
  → surprise = 0.3316  segments → segments2/1dd24d94-8770-4f2c-b1ee-008ddc561ba9_segments.csv
  → surprise = 0.2974  segments → segments2/1e175348-39e1-4c14-8d3b-affd189eab21_segments.csv
  → surprise = 0.3389  segments → segments2/20474be2-080f-48bd-a30c-871b9664e806_segments.csv
  → surprise = 0.3443  segments → segments2/235b49d2-b59c-4079-81cc-ad9c01dbd2df_segments.csv
  → surprise = 0.3604  segments → segments2/2680a694-dc8e-4881-a9a9-713fb268c04c_segments.csv
  → surprise = 0.3405  segments → segments2/284793f8-e23b-46d7-847b-072213b2e458_segments.csv
  → surprise = 0.3476  segments → segments2/28539222-ebdc-4147-a8ce-2a8ed76dd4b7_segments.csv
  → surprise = 0.3422  segments → segments2/296095cb-629f-4875-b178-7a15edd5b4b0_segments.csv
  → surprise = 0.3337  segments → segments2/2c4c1215-59f0-4683-bc35-028968be0452_segments.csv
  → surprise = 0.3193  segments → segments2/2d442f12-3595-4b2d-b8c5-583b65c0c49f_segments.csv
  → surprise = 0.3215  segments → segments2/2f23b607-f2e6-4f58-85d3-004c840bead2_segments.csv
  → surprise = 0.3602  segments → segments2/3194600a-3767-4467-b3ba-247dac1b360e_segments.csv
  → surprise = 0.3547  segments → segments2/31e21213-c8e6-40f4-b498-98db071819ed_segments.csv
  → surprise = 0.2670  segments → segments2/327a86aa-32d5-413d-bb78-3ceb1ff80044_segments.csv
  → surprise = 0.3481  segments → segments2/33aaab02-4fcb-4e73-9c72-628f59827bad_segments.csv
  → surprise = 0.3133  segments → segments2/34c33601-164b-45eb-bb70-f2bebb3c4948_segments.csv
  → surprise = 0.3417  segments → segments2/34d97a87-c49a-4a4f-965b-025493c26c17_segments.csv
  → surprise = 0.3448  segments → segments2/363b5839-a7c3-4c2e-b966-9530e38045a1_segments.csv
  → surprise = 0.3423  segments → segments2/36baa5a9-16bf-4ad6-b011-4d7daae6b8f9_segments.csv
  → surprise = 0.3471  segments → segments2/374832bf-f977-4e8b-b0e0-2f2ea1e38b5d_segments.csv
  → surprise = 0.3318  segments → segments2/38a1e1f1-b490-4ce2-97e1-2fa7305ac3db_segments.csv
  → surprise = 0.3522  segments → segments2/3906d25a-d0a4-4a7c-8906-a87cea106c66_segments.csv
  → surprise = 0.3435  segments → segments2/39c41ffa-7298-48e6-949f-cb10ca922e4f_segments.csv
  → surprise = 0.3126  segments → segments2/39fa7467-aeda-4986-a340-af7b78cfb74c_segments.csv
  → surprise = 0.3404  segments → segments2/3a580dc3-93c0-44ef-9328-be6f65214def_segments.csv
  → surprise = 0.3500  segments → segments2/3c5841d6-8d79-4aa7-b020-bbb6ef114b42_segments.csv
  → surprise = 0.3409  segments → segments2/3fad3cd0-11e4-4626-8761-6b727580757b_segments.csv
  → surprise = 0.3409  segments → segments2/406dd4ef-ac1e-48cc-be05-40dab5979549_segments.csv
  → surprise = 0.3026  segments → segments2/414cfb9b-e020-4319-9ea7-57eab5bb701b_segments.csv
  → surprise = 0.3466  segments → segments2/433fb84b-4f39-4d31-9975-3185d8a9bac1_segments.csv
  → surprise = 0.3183  segments → segments2/43811320-8b7b-418a-8fc3-414ceeef1ed8_segments.csv
  → surprise = 0.3500  segments → segments2/439a78ee-4776-4b70-9ac2-896f9f22f44c_segments.csv
  → surprise = 0.2944  segments → segments2/44ebf834-827a-4dcb-bbc1-98578c33c723_segments.csv
  → surprise = 0.3300  segments → segments2/4508282f-ac4a-4aca-bee4-f7e071eff5d1_segments.csv
  → surprise = 0.3444  segments → segments2/45a02f60-e694-4bef-9c31-d5a71f556122_segments.csv
  → surprise = 0.3321  segments → segments2/48acd7ed-cafc-494b-9e47-8dddcdf0fa75_segments.csv
  → surprise = 0.3103  segments → segments2/4adf69ca-4132-4ab9-a28e-4b11f5e2631c_segments.csv
  → surprise = 0.3427  segments → segments2/4ba37e43-eadc-468d-923e-b1e2997a51e8_segments.csv
  → surprise = 0.3585  segments → segments2/4bb74f1a-1892-4415-a976-2b6db639f949_segments.csv
  → surprise = 0.3271  segments → segments2/4be2455a-6719-45d4-85c1-86de5bebdd44_segments.csv
  → surprise = 0.3357  segments → segments2/4c45d8f4-e026-4ca3-a1e4-6d32da434469_segments.csv
  → surprise = 0.3622  segments → segments2/4ca97ff8-bc2a-462b-b4c9-b1a878564bea_segments.csv
  → surprise = 0.3254  segments → segments2/4d7fad54-4308-4967-9398-4107047b2bea_segments.csv
  → surprise = 0.3089  segments → segments2/4e5663cd-24ba-4461-8d6f-665a45c97dfb_segments.csv
  → surprise = 0.3573  segments → segments2/4feb8fcb-e9c1-4978-a3a5-bcf4e633e69e_segments.csv
  → surprise = 0.3489  segments → segments2/5157296d-a7af-4155-a15c-8f61afc127b5_segments.csv
  → surprise = 0.3592  segments → segments2/51cf6104-e266-4159-9ae6-6c711bcafc14_segments.csv
  → surprise = 0.3010  segments → segments2/530277fb-916e-4d99-b3df-19fb06403a93_segments.csv
  → surprise = 0.3410  segments → segments2/548bbb70-7d10-42f6-95a7-489e3524faa5_segments.csv
  → surprise = 0.3373  segments → segments2/564c0350-9fbf-4659-b310-a929fa3c82e4_segments.csv
  → surprise = 0.3413  segments → segments2/572fee00-5bc2-46ed-97df-ad046a0d0fce_segments.csv
  → surprise = 0.3607  segments → segments2/5867431b-5506-49f9-baf5-1d8a3c8ca0c9_segments.csv
  → surprise = 0.3533  segments → segments2/598e201d-42d8-4881-9c30-5c105a8d3b9a_segments.csv
  → surprise = 0.3596  segments → segments2/5b811b36-f8a5-4542-aabb-e8bad3ca4849_segments.csv
  → surprise = 0.3529  segments → segments2/5bc10385-011f-4dc5-832e-58f48ffe8fe5_segments.csv
  → surprise = 0.3588  segments → segments2/5c168d2c-246c-4ec4-9dc2-fa2060311e07_segments.csv
  → surprise = 0.3482  segments → segments2/5c3e4482-a952-48df-9a19-4598bb433639_segments.csv
  → surprise = 0.3522  segments → segments2/5c8f7ae5-738f-438c-8125-91760894329f_segments.csv
  → surprise = 0.3595  segments → segments5/014141a2-a5fc-432f-9cdd-85bd5724b53d_segments.csv
  → surprise = 0.3174  segments → segments5/025c63c9-a371-4de7-87a9-ef3949040e8c_segments.csv
  → surprise = 0.3599  segments → segments5/03a84301-1175-41f4-bed3-7a71fda30913_segments.csv
  → surprise = 0.3647  segments → segments5/06fb8090-16a4-42c3-819e-f0e95ddba24d_segments.csv
  → surprise = 0.3533  segments → segments5/0836e1a4-11e6-4b31-bd39-f8e083fdadb3_segments.csv
  → surprise = 0.3591  segments → segments5/0a09f8fc-ff87-4210-b682-d2ae38af33eb_segments.csv
  → surprise = 0.3488  segments → segments5/0aed42ed-ed8c-4dfb-9a7f-bd47cc792633_segments.csv
  → surprise = 0.3553  segments → segments5/0b13211b-a542-47d3-8626-f5a2ffb03473_segments.csv
  → surprise = 0.3492  segments → segments5/0c6c26f8-4519-452e-bfa8-7870cb4f253e_segments.csv
  → surprise = 0.3445  segments → segments5/0cf71e76-0ed9-4fb9-875f-be49528105b7_segments.csv
  → surprise = 0.3595  segments → segments5/0f5b2d21-5aaf-4073-a63f-2e56b651e132_segments.csv
  → surprise = 0.3463  segments → segments5/10341975-6612-4137-b0c2-703847ad4dba_segments.csv
  → surprise = 0.3343  segments → segments5/10e8d68e-952e-4525-9697-68228d246993_segments.csv
  → surprise = 0.3556  segments → segments5/1134205f-6f03-47ac-bf8e-ae1453dc7fc9_segments.csv
  → surprise = 0.3303  segments → segments5/114cdc4b-4ae5-4938-8218-151e1e35b3db_segments.csv
  → surprise = 0.3425  segments → segments5/130a3e19-8dc4-4b78-940f-4252f8bb1653_segments.csv
  → surprise = 0.3352  segments → segments5/13488a91-cef6-46f4-8007-9453d5d49925_segments.csv
  → surprise = 0.3557  segments → segments5/13914368-f9dc-427c-b466-50e2e3c34d66_segments.csv
  → surprise = 0.3595  segments → segments5/13e70b53-abc6-46d3-96da-d30b8327b223_segments.csv
  → surprise = 0.3647  segments → segments5/143f43b6-3108-4977-ae62-d94e74e14ad6_segments.csv
  → surprise = 0.3616  segments → segments5/14aeb4ad-3392-4f09-9959-11f8a0c4bd7d_segments.csv
  → surprise = 0.3518  segments → segments5/15f1a422-327d-4dab-b14d-7003544c5817_segments.csv
  → surprise = 0.3609  segments → segments5/18ce5151-0fcf-4c2a-a06d-bd66da76d84d_segments.csv
  → surprise = 0.3421  segments → segments5/19a49df1-db3f-45d7-92f4-d965ee20edb7_segments.csv
  → surprise = 0.3619  segments → segments5/1f216b72-21a2-4463-b5ae-13bffd779b4d_segments.csv
  → surprise = 0.3637  segments → segments5/2137f7a2-dce3-4d95-859d-ad2a50b0cd09_segments.csv
  → surprise = 0.3590  segments → segments5/243e800d-fc75-473d-b944-a95844e13a78_segments.csv
  → surprise = 0.3300  segments → segments5/2473ad3e-c44e-42a0-8acc-e4f6c36c3c8c_segments.csv
  → surprise = 0.3440  segments → segments5/26a2a3ce-30c9-42e4-85ae-482c303c9b24_segments.csv
  → surprise = 0.3506  segments → segments5/28bc1ee7-b0c1-4f30-934a-0ab665779d90_segments.csv
  → surprise = 0.3443  segments → segments5/2b99e141-3fdd-48c5-b960-8407f430bb1b_segments.csv
  → surprise = 0.3538  segments → segments5/2bd1593c-ae88-417e-827f-3997201da229_segments.csv
  → surprise = 0.3484  segments → segments5/2c56528c-5499-4307-bfd1-cbb2d26b1d8b_segments.csv
  → surprise = 0.3504  segments → segments5/2cfb2eec-ec7d-469f-bdc2-78e4d61ef209_segments.csv
  → surprise = 0.3507  segments → segments5/2d91a563-e741-4c1c-9806-beb4ec6f3719_segments.csv
  → surprise = 0.3530  segments → segments5/2dbb7845-1de0-4e26-877a-035c051d12a5_segments.csv
  → surprise = 0.3121  segments → segments5/30e16a80-2a80-4407-9193-533292e57230_segments.csv
  → surprise = 0.3625  segments → segments5/32104067-0ed4-4fdb-bda9-b3fb84889b32_segments.csv
  → surprise = 0.3422  segments → segments5/32b4bde9-7d56-4e58-a3e0-b97abc05303d_segments.csv
  → surprise = 0.3301  segments → segments5/362f038d-f556-456c-a9c2-eff131771daa_segments.csv
  → surprise = 0.3564  segments → segments5/37587828-ca8a-498e-b549-e6a0cc7e26da_segments.csv
  → surprise = 0.3277  segments → segments5/37d15286-c39e-47d1-8d4f-a59f12417dea_segments.csv
  → surprise = 0.3331  segments → segments5/37efc685-767a-492e-b2c3-d60833ee8232_segments.csv
  → surprise = 0.3582  segments → segments5/39af7641-e376-4a99-977f-4d7f746e14ba_segments.csv
  → surprise = 0.2856  segments → segments5/3a481a46-928f-46fd-87e3-7725c5bcbbc9_segments.csv
  → surprise = 0.3526  segments → segments5/3afcb6da-f664-4fff-b37d-2c38d0d4934d_segments.csv
  → surprise = 0.3482  segments → segments5/3dc2e9fc-16b0-44ad-b50b-3bb5bb099d60_segments.csv
  → surprise = 0.3216  segments → segments5/3e63e11a-44f6-4094-9010-e549c60e155d_segments.csv
  → surprise = 0.2952  segments → segments5/3ef71673-7e7b-4a24-a5f7-a4e291a07601_segments.csv
  → surprise = 0.3399  segments → segments5/3f712a5b-c1cf-4f2a-b0ab-ca0e2e4f0e3c_segments.csv
  → surprise = 0.3180  segments → segments5/401f48c8-1cba-499b-9d1e-994b27747bc2_segments.csv
  → surprise = 0.3277  segments → segments5/414d6a22-44f1-438d-9561-4a111d94110b_segments.csv
  → surprise = 0.3447  segments → segments5/419db6d8-b67b-4783-8756-b2d25e0dbcc0_segments.csv
  → surprise = 0.3512  segments → segments5/440d66ad-03b6-4868-ac82-ef26dbdd1ce9_segments.csv
  → surprise = 0.3558  segments → segments5/4675859e-620c-493a-b1e7-27c347074783_segments.csv
  → surprise = 0.3307  segments → segments5/4e880bf0-145f-4ab6-b015-476dd6b73dca_segments.csv
  → surprise = 0.3476  segments → segments5/5093842e-7cf9-4509-bf04-6e0ec6b75b27_segments.csv
  → surprise = 0.3254  segments → segments5/50e55c8f-b939-4b5c-86b5-e0b53d199d27_segments.csv
  → surprise = 0.3082  segments → segments5/53b163c2-25f1-4887-b251-c8035cb622a6_segments.csv
  → surprise = 0.3365  segments → segments5/54389f9b-eff9-49e1-9da9-f2ad86254515_segments.csv
  → surprise = 0.2974  segments → segments5/56830730-4e9c-4928-ba0b-6ca75f57231d_segments.csv
  → surprise = 0.3602  segments → segments5/56c5fea0-73fb-4239-b740-1faf19e75e6f_segments.csv
  → surprise = 0.3433  segments → segments5/575af33e-e30f-45e5-8913-4c682f3a6c52_segments.csv
  → surprise = 0.3497  segments → segments5/58d4775f-11fa-4fc1-823f-4a7402c8a1da_segments.csv
  → surprise = 0.3432  segments → segments5/5944e682-eb74-4068-8c1f-b33a32a773c2_segments.csv
  → surprise = 0.3500  segments → segments5/59dac266-4b43-43b1-9fe3-6013ade33eb6_segments.csv
  → surprise = 0.3555  segments → segments5/5a19d268-56b3-4bd9-a091-31783f9dea51_segments.csv
  → surprise = 0.3192  segments → segments5/5a8132ed-7a82-42da-a9c4-64fc99d2db79_segments.csv
  → surprise = 0.3222  segments → segments5/5a9ca82c-bb33-4f05-9e08-efd614269566_segments.csv
  → surprise = 0.3468  segments → segments5/5af165f0-a803-4d1c-a4d6-be12dab1e6c5_segments.csv
  → surprise = 0.3340  segments → segments5/5b1841ff-d956-4891-a4e8-c83dc9769580_segments.csv
  → surprise = 0.3267  segments → segments5/5c1a9857-4a0a-4d61-877b-3f53a2d2b82b_segments.csv
  → surprise = 0.3576  segments → segments5/5c520abb-dee8-4b65-9a2a-3112a42e79a9_segments.csv
  → surprise = 0.3242  segments → segments5/5cb95fe5-9bf7-41d7-9114-10f5c9766b2e_segments.csv
  → surprise = 0.3567  segments → segments5/5dde766e-e93a-4d48-b3c7-96774f24d39d_segments.csv
  → surprise = 0.3487  segments → segments5/5ebbb243-fcab-450c-9b48-99c28efda3c0_segments.csv
  → surprise = 0.3586  segments → segments5/5efa966b-01b6-4bbb-a4b6-702ef89c3a10_segments.csv
  → surprise = 0.3478  segments → segments5/6146205c-f045-4368-acc2-a60dc5e1490b_segments.csv
  → surprise = 0.3506  segments → segments5/62205220-150b-4c49-893f-35ebcd1b3419_segments.csv
  → surprise = 0.3623  segments → segments5/624f1d5c-21da-4bd6-9faa-8b512d5d999c_segments.csv
  → surprise = 0.3460  segments → segments5/62ecb68c-4aea-4b07-8e84-696d65cc3672_segments.csv
  → surprise = 0.3452  segments → segments5/64b06e7f-de80-4793-a31c-55e2bb535c82_segments.csv
  → surprise = 0.3629  segments → segments5/673f6b06-b5ea-4bd7-95ee-e82f7a68ef12_segments.csv
  → surprise = 0.3611  segments → segments3/0049fdd8-0044-4ef5-9c34-b3469416ebe5_segments.csv
  → surprise = 0.3459  segments → segments3/00cc4aa7-61c2-471f-9e02-c8314cfdf688_segments.csv
  → surprise = 0.3394  segments → segments3/02c9f4ca-88f3-4439-ae42-a819cedc67e2_segments.csv
  → surprise = 0.3493  segments → segments3/030c7542-09a7-42a1-a406-05ad4f397341_segments.csv
  → surprise = 0.2898  segments → segments3/03f4405c-9ed4-4b91-b87d-ccc8f6e126d6_segments.csv
  → surprise = 0.3537  segments → segments3/04ec9004-7f3a-4d48-b48e-fc4eb36d74ac_segments.csv
  → surprise = 0.3649  segments → segments3/0518d285-b7b0-4f98-ae06-a95e0248ccfc_segments.csv
  → surprise = 0.3471  segments → segments3/069eed38-e58d-466f-9188-7e6ec085fb1a_segments.csv
  → surprise = 0.3606  segments → segments3/06d31b53-9e3b-4acf-b764-ecbf11434f68_segments.csv
  → surprise = 0.3340  segments → segments3/07c7d1e7-8bbf-48af-8446-18b440b88678_segments.csv
  → surprise = 0.3052  segments → segments3/0a202ab3-9333-4bbf-b1b6-47e4ea959c07_segments.csv
  → surprise = 0.3379  segments → segments3/0b90f635-f966-4b97-988d-6594183bc08d_segments.csv
  → surprise = 0.3426  segments → segments3/0ebb682e-6aec-482c-bbb7-774ec5eca906_segments.csv
  → surprise = 0.3440  segments → segments3/0f0dde23-36e9-4470-ba96-b85a39e45ed9_segments.csv
  → surprise = 0.3584  segments → segments3/0f4e630b-e834-4ff4-9418-ccfdbdc4ee37_segments.csv
  → surprise = 0.3510  segments → segments3/110ca71f-fa1b-4c7b-9fd4-ac2db4960663_segments.csv
  → surprise = 0.3315  segments → segments3/133a8f91-5bd3-487f-87c5-1beb528aafc4_segments.csv
  → surprise = 0.3439  segments → segments3/134a4c63-583a-4e64-8cf9-002b6d26cdf1_segments.csv
  → surprise = 0.3509  segments → segments3/146b5406-0d3c-4835-8391-2be914d5d681_segments.csv
  → surprise = 0.3616  segments → segments3/15497cd8-1eac-4926-aa06-ff07f33cc2a8_segments.csv
  → surprise = 0.3251  segments → segments3/168cd581-9ce3-4813-a275-48b4027d0edd_segments.csv
  → surprise = 0.3467  segments → segments3/16a54f9d-6729-442a-8d39-3e7db4215f57_segments.csv
  → surprise = 0.3468  segments → segments3/182a96ce-1ab6-4ef0-b87f-0044348cb21e_segments.csv
  → surprise = 0.3169  segments → segments3/1a539495-14e5-437d-abd6-2e2e958fe123_segments.csv
  → surprise = 0.3483  segments → segments3/1d3c5141-a8b7-47c7-a93e-c843ef4e274d_segments.csv
  → surprise = 0.3490  segments → segments3/1ece4937-dc98-4d2a-ba7a-82504528157d_segments.csv
  → surprise = 0.3472  segments → segments3/20400762-1e47-462d-a7d1-64a1b162b1f9_segments.csv
  → surprise = 0.3232  segments → segments3/20bb209c-a0c3-4e31-823e-e3c48e812f8a_segments.csv
  → surprise = 0.3556  segments → segments3/20d62117-8b5f-44b3-b86f-a936e6cdd2c2_segments.csv
  → surprise = 0.3544  segments → segments3/210b5b51-6dae-43b2-9cf8-28e04a785f18_segments.csv
  → surprise = 0.3568  segments → segments3/21e0e93d-b97e-40a1-83bf-9267448231fd_segments.csv
  → surprise = 0.3509  segments → segments3/2294d571-14ba-4693-9502-5f5f6276f160_segments.csv
  → surprise = 0.3403  segments → segments3/22a52738-38af-48ec-9d82-02056da79403_segments.csv
  → surprise = 0.3365  segments → segments3/22f7c89d-ff2b-4388-a7af-0e2ce4531215_segments.csv
  → surprise = 0.3493  segments → segments3/26924e0d-c283-4fd1-b3c1-068ec88fa8a8_segments.csv
  → surprise = 0.3333  segments → segments3/28170c86-29ba-43e8-8699-e76161f16b98_segments.csv
  → surprise = 0.3289  segments → segments3/2c9a2cb8-93fd-4932-bb76-60e80822b70b_segments.csv
  → surprise = 0.3519  segments → segments3/2da81c47-219f-41f6-8b6f-bdb30991b1b1_segments.csv
  → surprise = 0.3482  segments → segments3/2db7efae-7b79-45f8-a35f-ab903958a9a9_segments.csv
  → surprise = 0.3161  segments → segments3/2ee46838-6bf8-40a9-9ad0-fae834c7b52c_segments.csv
  → surprise = 0.3491  segments → segments3/3165f443-4687-4630-a90b-ae9ef08227f6_segments.csv
  → surprise = 0.3498  segments → segments3/342c7d2a-509b-4a35-83d3-0dd14c58a4da_segments.csv
  → surprise = 0.3182  segments → segments3/3661bbd5-7eab-4e2c-93a7-188a758b9f48_segments.csv
  → surprise = 0.3084  segments → segments3/38ead8a1-4d57-4bfb-b7dc-a9785b22f93a_segments.csv
  → surprise = 0.3516  segments → segments3/3a03f541-a520-4b67-87b2-f9c79f9b54ee_segments.csv
  → surprise = 0.3279  segments → segments3/3bb19da3-0b8a-48d9-aef1-4c8202e01ad1_segments.csv
  → surprise = 0.3460  segments → segments3/3c79233c-0020-4f45-a613-dadfe53cc6e5_segments.csv
  → surprise = 0.3441  segments → segments3/3d7ba3f7-f393-41ec-88a2-c33b82ec8c47_segments.csv
  → surprise = 0.3439  segments → segments3/3e6724c8-345a-43e7-ba72-3cd8c41c9ae8_segments.csv
  → surprise = 0.3411  segments → segments3/3ec9d9da-d72b-4aa2-b458-68a252c42349_segments.csv
  → surprise = 0.3256  segments → segments3/3fc60e72-91ad-4320-bd07-1cf753f4a5f1_segments.csv
  → surprise = 0.3420  segments → segments3/42ea980f-aee7-4d86-aa57-f1f79f73e713_segments.csv
  → surprise = 0.3449  segments → segments3/430e5bad-ae28-4fb6-ab5d-d624b8e167d1_segments.csv
  → surprise = 0.3440  segments → segments3/44f4b12f-c41d-48cf-bbc9-05707873bba6_segments.csv
  → surprise = 0.3464  segments → segments3/4663fe50-1d7f-4213-a3d7-b1d29c86b998_segments.csv
  → surprise = 0.3440  segments → segments3/4885beb4-71d1-4234-b615-bc4687e0b1be_segments.csv
  → surprise = 0.3341  segments → segments3/4a58fe42-9ebe-4dfa-a103-e577a151a3f2_segments.csv
  → surprise = 0.3488  segments → segments3/4c1a9fec-4ff8-4ca8-a70f-58bcdf305a90_segments.csv
  → surprise = 0.3416  segments → segments3/4e23d915-7213-44c7-b9fe-dae1ba204770_segments.csv
  → surprise = 0.3642  segments → segments3/5059d234-992a-48e6-a9e5-c5777943ecfa_segments.csv
  → surprise = 0.3386  segments → segments3/518a997d-6b23-4543-ad47-8b943286c089_segments.csv
  → surprise = 0.3493  segments → segments3/54337e20-df12-4133-9e34-618e0381265e_segments.csv
  → surprise = 0.3518  segments → segments3/55c7bfcd-e812-4e92-a11d-422cf9a80a51_segments.csv
  → surprise = 0.3013  segments → segments3/56ac9772-88bc-4b59-bf59-47e09b4d1273_segments.csv
  → surprise = 0.3265  segments → segments3/57f73c09-ea00-4890-88ee-deda5530cc53_segments.csv
  → surprise = 0.3487  segments → segments3/5825062f-4827-407c-bbd3-91ca010d25c2_segments.csv
  → surprise = 0.3387  segments → segments3/5a113615-91a9-4147-b924-f31cd15275e6_segments.csv
  → surprise = 0.3509  segments → segments3/5aacbf62-3948-45bc-9a41-3470296da1bb_segments.csv
  → surprise = 0.3468  segments → segments3/5b0225e8-b81b-42fe-aa08-b0732b46c8bd_segments.csv
  → surprise = 0.3519  segments → segments3/5c16c4b4-8065-410a-8160-8da3b2d0e57e_segments.csv
  → surprise = 0.3545  segments → segments3/5f2fe227-e8fc-4635-8b3e-2f56e9be61b5_segments.csv
  → surprise = 0.3491  segments → segments3/618b45d4-caeb-454f-8d72-ba28d9de0a98_segments.csv
  → surprise = 0.2934  segments → segments3/62137e2f-7e07-4482-b270-7a52111508ea_segments.csv
  → surprise = 0.3359  segments → segments3/64707c37-dab5-4bd5-83fb-1613e936fec8_segments.csv
  → surprise = 0.3278  segments → segments3/66600529-b776-4b03-9e58-53d4950bbf0b_segments.csv
  → surprise = 0.3494  segments → segments3/666beb29-be82-4f5f-8556-644ed5af8d90_segments.csv
  → surprise = 0.3616  segments → segments3/674c6777-406d-4158-9539-b5feb88c033d_segments.csv
  → surprise = 0.3546  segments → segments3/6834426d-9454-4fc9-a538-20d498d18e87_segments.csv
  → surprise = 0.3302  segments → segments3/6989df0e-b8da-48a4-bc69-b01f6f8aef1a_segments.csv
  → surprise = 0.3470  segments → segments3/6ad19348-15b0-4411-b544-8a3fac59dd21_segments.csv
  → surprise = 0.3489  segments → segments3/6bc039a1-69f5-417b-824c-377225094c48_segments.csv
  → surprise = 0.3167  segments → segments3/6e890b28-4f2d-49e8-b2f1-9b83b1e0a2fc_segments.csv
  → surprise = 0.3469  segments → segments3/6f140645-1904-4493-862d-06929ec947db_segments.csv
  → surprise = 0.3477  segments → segments1/6c769ba3-821c-44fa-92f6-67c4443613da_segments.csv
  → surprise = 0.3524  segments → segments1/70dc5cd5-c107-4070-8dab-08e87cad0850_segments.csv
  → surprise = 0.3138  segments → segments1/70df780e-2708-4042-a4c1-ba718c1af64e_segments.csv
  → surprise = 0.3550  segments → segments1/7124feaf-8255-4bad-b99b-7b2b1fe71d8b_segments.csv
  → surprise = 0.3308  segments → segments1/721455cc-1e09-44a3-a579-d9e90db85227_segments.csv
  → surprise = 0.3248  segments → segments1/7306232f-31cc-46bc-87b4-ec576c3548a3_segments.csv
  → surprise = 0.3250  segments → segments1/73e1ce92-a414-4455-ae58-26d776953ebf_segments.csv
  → surprise = 0.3418  segments → segments1/7430d2f7-b40e-4abd-b361-1f2ecd97c5e2_segments.csv
  → surprise = 0.3285  segments → segments1/7921d5ee-b48a-4207-b2e6-93e878b0ef0f_segments.csv
  → surprise = 0.3106  segments → segments1/7a2a648d-83ca-44c0-a0a7-75389810e82f_segments.csv
  → surprise = 0.3458  segments → segments1/7a64215a-6f71-4f50-bec1-1cd1dea2a693_segments.csv
  → surprise = 0.3471  segments → segments1/7ba88d57-1d50-4fa0-973d-e2e064f13c88_segments.csv
  → surprise = 0.3151  segments → segments1/7c9f244e-f885-4176-84c5-2c129a0d8b7c_segments.csv
  → surprise = 0.3459  segments → segments1/7e8d03f2-2ff9-431d-af81-e5ffcd954a63_segments.csv
  → surprise = 0.3074  segments → segments1/7edd17ae-b295-494d-b87c-a152384ab3ac_segments.csv
  → surprise = 0.3520  segments → segments1/7f0320b1-b866-4c80-99bf-42125d99b99e_segments.csv
  → surprise = 0.3524  segments → segments1/802623c2-0d7b-4c96-8f70-2a4865365abe_segments.csv
  → surprise = 0.3515  segments → segments1/84322f50-7fce-4d49-a04b-9ecd7afd4119_segments.csv
  → surprise = 0.3023  segments → segments1/8447cf7c-d919-449a-be90-cdd05910fd9b_segments.csv
  → surprise = 0.3468  segments → segments1/8582c242-35b2-49d0-9c0b-ae8698781bbc_segments.csv
  → surprise = 0.3330  segments → segments1/85ecd8b2-922f-4845-8536-db53afc485b2_segments.csv
  → surprise = 0.3259  segments → segments1/860be163-394f-48bb-9068-37e1c383ff73_segments.csv
  → surprise = 0.3340  segments → segments1/8b72b54f-f87c-4fdb-84dc-97e42ab111ac_segments.csv
  → surprise = 0.3459  segments → segments1/8b731821-5552-4980-873a-b28729341004_segments.csv
  → surprise = 0.3235  segments → segments1/9075cfdf-82eb-4cde-8328-f6ce631f101a_segments.csv
  → surprise = 0.3498  segments → segments1/92f8142a-25aa-444a-ae37-43fae4f95f18_segments.csv
  → surprise = 0.3491  segments → segments1/93357145-49fb-4128-b5da-25bc9602daf0_segments.csv
  → surprise = 0.3076  segments → segments1/943bb394-aea4-4253-8968-a233cc879e63_segments.csv
  → surprise = 0.3540  segments → segments1/96ab5d66-36b6-4d07-a3d5-c935d40ba2e1_segments.csv
  → surprise = 0.3473  segments → segments1/971de484-7b45-427f-8e5f-d5e110af055d_segments.csv
  → surprise = 0.3309  segments → segments1/9864fd1b-af6b-4257-886a-72628c6b52cd_segments.csv
  → surprise = 0.3311  segments → segments1/99c27fbb-d297-49fc-bcb5-159bf3bf557b_segments.csv
  → surprise = 0.3281  segments → segments1/9a5cda30-ecb8-46c5-879a-dd589a449e9a_segments.csv
  → surprise = 0.3302  segments → segments1/9b0b233d-ea4f-4022-a28f-fde9241e8150_segments.csv
  → surprise = 0.3690  segments → segments1/9b8a4b28-b831-417b-83dd-deb7890908c0_segments.csv
  → surprise = 0.3457  segments → segments1/a1e8d35f-2dad-495c-ac00-b056f710c706_segments.csv
  → surprise = 0.3416  segments → segments1/a2133027-1506-42c4-a1ff-be7e0de2613a_segments.csv
  → surprise = 0.3584  segments → segments1/a82626d8-e1ce-4ba4-8aa8-71733d271795_segments.csv
  → surprise = 0.3415  segments → segments1/a947cc1b-0129-48b6-ae11-a095a46c6559_segments.csv
  → surprise = 0.3559  segments → segments1/aa27a48e-fa14-45a4-bb88-f3bc293ad08a_segments.csv
  → surprise = 0.3235  segments → segments1/aa57f76c-7a21-4bc3-a1b0-509eb727943b_segments.csv
  → surprise = 0.3327  segments → segments1/aa746a74-9e1b-49c6-9e27-f0c8d2f58642_segments.csv
  → surprise = 0.3171  segments → segments1/ae24f60b-be0f-4595-bbc7-bb6958ed8f61_segments.csv
  → surprise = 0.3101  segments → segments1/ae5890c8-869f-4e4d-9dd6-85024c8e0055_segments.csv
  → surprise = 0.3364  segments → segments1/ae821b3b-e88f-43b4-a5c5-9c086fe1b2a2_segments.csv
  → surprise = 0.3373  segments → segments1/af2bbd78-1898-4744-aa62-4feea65cc825_segments.csv
  → surprise = 0.3370  segments → segments1/b454135c-b78b-47d1-875c-1f564ef6bd45_segments.csv
  → surprise = 0.3596  segments → segments1/b5f7b1db-6c43-4bc1-b09a-0a545e0d3e44_segments.csv
  → surprise = 0.3433  segments → segments1/b66ea141-bf13-4129-a94b-dc296ad83153_segments.csv
  → surprise = 0.3543  segments → segments1/b7ae78cd-458a-4fbc-b9d8-212fe98a5095_segments.csv
  → surprise = 0.3570  segments → segments1/b925520a-853c-442e-8a39-6679cce1e9f4_segments.csv
  → surprise = 0.2919  segments → segments1/ba57f3f4-a45f-4fe5-b972-fbc4720d1195_segments.csv
  → surprise = 0.3421  segments → segments1/bb03ea40-924a-450f-8521-9773c017395a_segments.csv
  → surprise = 0.3505  segments → segments1/be4d685b-1ff8-4030-9d17-f825ced8c0d8_segments.csv
  → surprise = 0.3490  segments → segments1/bed74bc2-d084-43a8-8e09-cdf3eb20a1cc_segments.csv
  → surprise = 0.3485  segments → segments1/bedaa131-deae-4279-9fd4-5b6ab552644c_segments.csv
  → surprise = 0.3409  segments → segments1/c0c186bc-0a46-4dc7-8fa6-16a67468b320_segments.csv
  → surprise = 0.3181  segments → segments1/c0eea386-412b-4127-a2d3-352322a0038c_segments.csv
  → surprise = 0.3730  segments → segments1/c181b3b0-0355-4f97-858b-889c9988e041_segments.csv
  → surprise = 0.3529  segments → segments1/c1c18372-0f3a-4996-beaf-d505faed7d17_segments.csv
  → surprise = 0.3529  segments → segments1/c3acdda3-cd92-48c3-9052-45b57cb27e5a_segments.csv
  → surprise = 0.3286  segments → segments1/c43dcd05-d16a-45d6-943c-b3db725765fb_segments.csv
  → surprise = 0.3514  segments → segments1/c59a4d5e-3203-4494-8d1c-fc0652e7555a_segments.csv
  → surprise = 0.3324  segments → segments1/c6462f5c-2cff-4373-ba52-03e363c9d7d9_segments.csv
  → surprise = 0.3491  segments → segments1/c67a0dc9-0701-40be-ad01-2b0a5464fb73_segments.csv
  → surprise = 0.3293  segments → segments1/c7386f2f-26dd-4982-b400-86878441dcf4_segments.csv
  → surprise = 0.3558  segments → segments1/c7f71299-a622-4a9a-b225-019335d6f2d2_segments.csv
  → surprise = 0.3452  segments → segments1/c88e94a6-5b9a-49a0-9c8a-1fde00d1f97f_segments.csv
  → surprise = 0.3518  segments → segments1/c924da0b-c38e-4b68-a0d2-c16cf9207a40_segments.csv
  → surprise = 0.3483  segments → segments1/c9eaac3f-6de4-4ed9-90c4-6592be97daaf_segments.csv
  → surprise = 0.3330  segments → segments1/cac166bf-48d8-43be-aa39-f2e20b4d015a_segments.csv
  → surprise = 0.3186  segments → segments1/cc90b6d6-a283-45f2-9ce1-3639acd6f74c_segments.csv
  → surprise = 0.3514  segments → segments1/ccbaf895-24d6-4a7d-9974-4d1bc20073e2_segments.csv
  → surprise = 0.3459  segments → segments1/cd663385-fe88-4192-b286-b08f5d0fee8d_segments.csv
  → surprise = 0.3596  segments → segments1/ce5843b1-22ca-4f81-88d6-77fcc0310531_segments.csv
  → surprise = 0.3436  segments → segments1/cf9103c8-f2f9-4a6d-bfe2-5086b2ea8f92_segments.csv
  → surprise = 0.3535  segments → segments1/d04e1928-9a82-4e6f-af37-774ab1e1ebcc_segments.csv
  → surprise = 0.3423  segments → segments1/d0c0065b-79d2-4e6f-9c0f-e212dd17a0ca_segments.csv
  → surprise = 0.3308  segments → segments1/d14495bf-a955-419f-9ff3-6ad5c22902b3_segments.csv
  → surprise = 0.3138  segments → segments1/d2a7789e-7427-401c-afd2-67f7bc2d23e4_segments.csv
  → surprise = 0.3127  segments → segments1/d2b46b8b-d94a-452d-a3ca-0afc9e04ea56_segments.csv
  → surprise = 0.3530  segments → segments1/d36c44b6-e8a8-4f3b-b84c-aae96cb24fbf_segments.csv
  → surprise = 0.3525  segments → segments1/d4cd80fa-b362-4bb3-a4fe-70917cf47a64_segments.csv
  → surprise = 0.3305  segments → segments1/d4e52c99-2d69-4d92-81b1-0241505dcedd_segments.csv
  → surprise = 0.3015  segments → segments4/68143ed4-36a0-4194-b409-d28be53f8252_segments.csv
  → surprise = 0.3407  segments → segments4/689848c0-6488-4a4e-871c-c19d986532a4_segments.csv
  → surprise = 0.3425  segments → segments4/6910be06-1adc-49f1-b147-9900104e3c95_segments.csv
  → surprise = 0.3302  segments → segments4/696047aa-d2d4-4767-9a88-a1241e231f07_segments.csv
  → surprise = 0.3439  segments → segments4/6b6fde45-51e9-4c60-8305-27e45883ee7b_segments.csv
  → surprise = 0.3246  segments → segments4/6c0114f4-120e-40ea-aeeb-c40a11b93d53_segments.csv
  → surprise = 0.3455  segments → segments4/6c1c5527-30a4-421f-bb78-906adffa7c46_segments.csv
  → surprise = 0.3573  segments → segments4/6d603f9a-36e6-4544-98ac-64df03fa885e_segments.csv
  → surprise = 0.3380  segments → segments4/6e3f9af6-0acf-45b0-91d2-ccd0e114edcc_segments.csv
  → surprise = 0.2990  segments → segments4/70ab02b6-976a-49cc-bf40-e205ef0f6b5c_segments.csv
  → surprise = 0.3484  segments → segments4/719d9e89-4eb2-49ea-be14-dc2637dc303f_segments.csv
  → surprise = 0.3078  segments → segments4/72718087-8e04-4b32-a589-b57ef40651a5_segments.csv
  → surprise = 0.3604  segments → segments4/72f9c7a5-24b6-4134-85ff-00c0d9910709_segments.csv
  → surprise = 0.3076  segments → segments4/74cb73ae-0a87-44c1-862f-b6c0a110134d_segments.csv
  → surprise = 0.3449  segments → segments4/754ec566-73f7-4840-907e-74914baf07d4_segments.csv
  → surprise = 0.3474  segments → segments4/76f68419-8e00-4e9b-83fb-50fb4192b7f2_segments.csv
  → surprise = 0.3540  segments → segments4/7c43ae25-d33a-4e8d-a6e0-62f3387ad993_segments.csv
  → surprise = 0.3200  segments → segments4/7cc23193-d618-4777-9b84-b88bd69ae5cb_segments.csv
  → surprise = 0.3463  segments → segments4/7d116311-5077-4ca1-afa0-9ddd151e4d90_segments.csv
  → surprise = 0.3247  segments → segments4/7e8b647a-e4ea-4573-9c6d-b6b61eb12510_segments.csv
  → surprise = 0.3516  segments → segments4/800e33d4-468c-4414-9d6d-956baa764241_segments.csv
  → surprise = 0.3211  segments → segments4/827c34de-64e7-419e-89e3-3d6de441e983_segments.csv
  → surprise = 0.3248  segments → segments4/84d88f5a-56e9-46d2-905a-df296d640cef_segments.csv
  → surprise = 0.3461  segments → segments4/85db9c6a-2846-4c03-b2b2-e472f007afba_segments.csv
  → surprise = 0.3442  segments → segments4/889ccb86-bfe4-43d9-a4bd-95e662658ee1_segments.csv
  → surprise = 0.3526  segments → segments4/889cdfac-b57e-4fdb-8251-dd119f56f510_segments.csv
  → surprise = 0.3479  segments → segments4/8b196f5e-e290-4ec9-97bc-17755a7c66f3_segments.csv
  → surprise = 0.3411  segments → segments4/8b89d35d-5e19-4240-b45e-7a692cf962e3_segments.csv
  → surprise = 0.3443  segments → segments4/8c8e2e9b-2c15-4dac-a4b2-16a3dda1eac4_segments.csv
  → surprise = 0.3505  segments → segments4/8cde3461-e499-4b42-9165-1c3d547b3769_segments.csv
  → surprise = 0.3239  segments → segments4/8ff13d31-9054-4c4d-8281-d618230c7f58_segments.csv
  → surprise = 0.3515  segments → segments4/912a346b-20de-47af-9600-d9d2d38ed369_segments.csv
  → surprise = 0.3259  segments → segments4/92075d1b-c78b-483a-9a7f-e03fec7f5129_segments.csv
  → surprise = 0.3574  segments → segments4/9232277f-997b-4721-9d90-bc8cd8da7c0b_segments.csv
  → surprise = 0.3309  segments → segments4/93395438-43db-46ea-8118-d8df1cac3dcd_segments.csv
  → surprise = 0.3227  segments → segments4/94b4f0fb-69df-4deb-8c40-e76eb6a8ec59_segments.csv
  → surprise = 0.3463  segments → segments4/951dad7e-85ff-4f59-b0d3-e411f06670f6_segments.csv
  → surprise = 0.3450  segments → segments4/9588a51f-9d1d-4c9e-b60b-07a530123dc5_segments.csv
  → surprise = 0.3302  segments → segments4/960ed5e4-7545-452a-9569-5daa76988a77_segments.csv
  → surprise = 0.3536  segments → segments4/975427a5-9d66-4bf6-aa94-1266297cc5e6_segments.csv
  → surprise = 0.3468  segments → segments4/982e2d58-f1a9-444b-9151-756a920dcd9e_segments.csv
  → surprise = 0.3428  segments → segments4/9961615a-7e54-4b22-84ee-8e05f52c22df_segments.csv
  → surprise = 0.3358  segments → segments4/99b5f1cf-672b-4429-b547-6d7b444fe75f_segments.csv
  → surprise = 0.3280  segments → segments4/9b45530e-a510-44d8-81fc-afc8252eccdf_segments.csv
  → surprise = 0.3517  segments → segments4/9d1f1f10-32fc-4d7d-8131-4254c68fb845_segments.csv
  → surprise = 0.3417  segments → segments4/9d2ec4ad-945f-4614-b41f-24260de662f6_segments.csv
  → surprise = 0.3415  segments → segments4/a01b7b0f-9385-43e7-8ed5-c472c2538585_segments.csv
  → surprise = 0.3398  segments → segments4/a1268c71-c887-46ce-89e1-e3d188cb5625_segments.csv
  → surprise = 0.3238  segments → segments4/a3165cc5-ac40-422f-8b90-06dc00985165_segments.csv
  → surprise = 0.3366  segments → segments4/a32e3749-3ec6-4865-b5f2-067d05c04190_segments.csv
  → surprise = 0.3476  segments → segments4/a3e528b8-dce9-431f-b3ca-b2707f3439d2_segments.csv
  → surprise = 0.3430  segments → segments4/a4168afc-c19a-42dc-a8df-153072e4f455_segments.csv
  → surprise = 0.3409  segments → segments4/a6a2231e-725b-4732-8076-323e9525d03a_segments.csv
  → surprise = 0.3520  segments → segments4/ab78f4e5-aa25-442c-933f-9b277b1d9715_segments.csv
  → surprise = 0.3466  segments → segments4/abc63a38-d560-41d8-8a6e-68dfd1537c8b_segments.csv
  → surprise = 0.3514  segments → segments4/ad559083-e314-4112-8c3b-12b56883cc48_segments.csv
  → surprise = 0.3569  segments → segments4/ae2cd423-6d11-4b18-959c-9e6ad872249f_segments.csv
  → surprise = 0.3439  segments → segments4/ae44ef22-e8e6-4ac6-8906-adc717270e0e_segments.csv
  → surprise = 0.3361  segments → segments4/aee01849-0c36-4e61-ad3f-0304ee4ee999_segments.csv
  → surprise = 0.3353  segments → segments4/b01959d9-6918-4f50-a091-0b1fdbabb829_segments.csv
  → surprise = 0.3500  segments → segments4/b349f9f0-1eda-4e57-ae49-fa3a279b42e6_segments.csv
  → surprise = 0.3516  segments → segments4/b65f4313-9e42-422e-87fe-b7bdb91cd56c_segments.csv
  → surprise = 0.3542  segments → segments4/b697a69c-35a2-4515-911b-1bd4f5ae44eb_segments.csv
  → surprise = 0.3208  segments → segments4/b71166c2-c723-4f91-89b7-3a484e14079e_segments.csv
  → surprise = 0.3515  segments → segments4/b793dab4-74ea-4c65-82ce-48ea4435c6c6_segments.csv
  → surprise = 0.3546  segments → segments4/b79c14ac-16fd-4406-be97-2884eddb47c1_segments.csv
  → surprise = 0.3492  segments → segments4/bade8896-d9f2-457c-adb9-d3b435bb701d_segments.csv
  → surprise = 0.3512  segments → segments4/bbc7640a-6dd8-4522-9ff9-fca37be6fd64_segments.csv
  → surprise = 0.3495  segments → segments4/be1da89b-976b-4e71-a42a-7621b522db46_segments.csv
  → surprise = 0.3400  segments → segments4/c22c1727-07ab-4249-a39b-5e985ee48a07_segments.csv
  → surprise = 0.3483  segments → segments4/c304122d-0f0a-4c6a-a5b4-63f8b7aed69c_segments.csv
  → surprise = 0.3506  segments → segments4/c324287b-5b1c-4d26-9d21-8aceadaddda6_segments.csv
  → surprise = 0.3454  segments → segments4/c424ecf4-c654-4770-8af6-de97adb8241f_segments.csv
  → surprise = 0.3455  segments → segments4/c4257789-fc13-484c-bbd6-b2a58a799097_segments.csv
  → surprise = 0.3386  segments → segments4/c4f62214-e53b-4a43-8477-2a70328e5b18_segments.csv
  → surprise = 0.3459  segments → segments4/c8ca62bc-1d32-492d-90fd-aea13956f7c5_segments.csv
  → surprise = 0.3473  segments → segments4/c9932108-4869-4de7-999c-a5b6291b1d6c_segments.csv
  → surprise = 0.3506  segments → segments4/cb235c78-e524-417a-89fd-57b682bb223b_segments.csv
  → surprise = 0.3494  segments → segments4/cc4bc5ab-10af-46d5-9fbe-ff98eff30f74_segments.csv
  → surprise = 0.3491  segments → segments4/d0f880bc-bf44-4f85-a8a3-f8798f1a9f5f_segments.csv
  → surprise = 0.3545  segments → segments4/d1c2a107-ba9a-4615-83e1-f609864b8541_segments.csv
  → surprise = 0.3509  segments → segments4/d22ed64b-84a8-48b3-8be4-3a22a56937f3_segments.csv
  → surprise = 0.3436  segments → segments4/d44e1498-d9ab-4857-ae4b-947d5a4f945a_segments.csv
  → surprise = 0.3465  segments → segments4/d526d862-080f-4b3e-9894-6ff997f5d6ac_segments.csv
  → surprise = 0.3517  segments → segments1/d51a0b73-1ad7-4d4e-be99-714f6637668a_segments.csv
  → surprise = 0.3265  segments → segments1/d51eeb73-22e6-482e-9011-cdc719e85b4d_segments.csv
  → surprise = 0.3531  segments → segments1/d5b7e865-a74f-41c1-9946-f3c6da61c0c5_segments.csv
  → surprise = 0.3155  segments → segments1/d7949184-0578-4cc8-ac05-b0c65bdb3d1c_segments.csv
  → surprise = 0.3525  segments → segments1/d80a3cc6-2fb8-42ff-9cf9-6cb32eab8566_segments.csv
  → surprise = 0.3482  segments → segments1/d833ef72-c801-417e-b90c-ef8d8401029f_segments.csv
  → surprise = 0.3410  segments → segments1/d8397d7a-96f6-4d8d-892a-f9cff4f816b3_segments.csv
  → surprise = 0.3561  segments → segments1/d9eb1ae4-acee-457e-a0bf-b0e49b4576ce_segments.csv
  → surprise = 0.3481  segments → segments1/d9ff87c4-3b34-4607-a581-e4116ebef1d4_segments.csv
  → surprise = 0.3503  segments → segments1/da828466-1e04-4383-9866-9ed8b70df94e_segments.csv
  → surprise = 0.3344  segments → segments1/da8362db-a96b-4237-9d56-231d30c56a79_segments.csv
  → surprise = 0.3513  segments → segments1/dbb150a2-a47c-42b0-82e4-b076b69f0fb2_segments.csv
  → surprise = 0.3159  segments → segments1/dc030d61-5866-4285-934f-b0144346e067_segments.csv
  → surprise = 0.3271  segments → segments1/dd32a8b2-1de1-46d5-b831-ad04ca307bf1_segments.csv
  → surprise = 0.3497  segments → segments1/df00f809-7d52-458f-8927-8f748a16b8fd_segments.csv
  → surprise = 0.3226  segments → segments1/e29ef075-382f-4cff-8e2b-4f2db867b362_segments.csv
  → surprise = 0.3458  segments → segments1/e3082331-86f8-469d-a45d-cd69dac91dbd_segments.csv
  → surprise = 0.3414  segments → segments1/e4ec6abc-093c-4865-aac1-f823c22fb4af_segments.csv
  → surprise = 0.3391  segments → segments1/e83beb3b-542e-4f19-b845-a0dd04ffa06f_segments.csv
  → surprise = 0.3501  segments → segments1/eaa817af-b7e0-4f0a-8156-73834cf1157b_segments.csv
  → surprise = 0.3359  segments → segments1/ec2d5748-62ee-498d-a735-e5392a73bcbf_segments.csv
  → surprise = 0.3523  segments → segments1/ec54dd40-278b-47b5-bcb1-eaef24160ca4_segments.csv
  → surprise = 0.2899  segments → segments1/f081fe28-61ea-4e4f-a265-b2c5eacd029d_segments.csv
  → surprise = 0.3525  segments → segments1/f1f8d17c-3d2a-4a2a-9482-0a8e385e77ae_segments.csv
  → surprise = 0.3506  segments → segments1/f2024ae7-3da0-4c90-8c12-6cfde6f0ab82_segments.csv
  → surprise = 0.3449  segments → segments1/f362408a-1ef0-4766-9f73-cac3f663773f_segments.csv
  → surprise = 0.3409  segments → segments1/f3e0b243-eb8c-4b15-8a18-3753bc6bb3b5_segments.csv
  → surprise = 0.3487  segments → segments1/f8336f3f-b0cc-412e-b934-8645ccb3d0cc_segments.csv
  → surprise = 0.3648  segments → segments1/f8c36c51-1cca-4ed3-81db-c190b72d5c49_segments.csv
  → surprise = 0.3462  segments → segments1/f9e65e68-db9e-4aed-8649-117229e4a93b_segments.csv
  → surprise = 0.3415  segments → segments1/fa2f1291-3796-41a6-8f7b-6e7c1491b9b2_segments.csv
  → surprise = 0.3559  segments → segments1/fcd95cfb-5721-4636-9b91-168c0daa5ab0_segments.csv
  → surprise = 0.3393  segments → segments1/ffd863cb-f06b-404e-a013-54acb61f1ed9_segments.csv

Done! Video ranking saved to results1.csv
Segment CSVs saved to segments1/
[gpu-01.hpc.sbme-labs.app] fold 1 finished at 2026-10-07T07:30:44+00:00
  → surprise = 0.3418  segments → segments4/d727b466-02cc-440c-9563-e62fc19ebd09_segments.csv
  → surprise = 0.3383  segments → segments4/d7e5ab1c-dd41-4c1b-be7e-fe33579f6cfc_segments.csv
  → surprise = 0.3492  segments → segments4/d91dc73b-0c0e-49ed-960c-4534e7557c48_segments.csv
  → surprise = 0.3520  segments → segments4/dc0ef581-bb29-464e-8ada-0953230d8f7d_segments.csv
  → surprise = 0.3541  segments → segments4/dc19aa9f-d904-48bc-a625-c6551d2989c4_segments.csv
  → surprise = 0.3377  segments → segments4/dccc965d-1c76-47e8-ac09-c5f241074d00_segments.csv
  → surprise = 0.3224  segments → segments4/e0ec0855-609e-4974-8af8-a59d213c05e5_segments.csv
  → surprise = 0.3441  segments → segments4/e0ff0f60-0e71-479a-85a5-864812e93d8e_segments.csv
  → surprise = 0.3550  segments → segments4/e3c706cf-9431-4aaf-864c-c6c2ebd71500_segments.csv
  → surprise = 0.3286  segments → segments4/e55c9315-37fe-447f-adf9-73f8ba80b338_segments.csv
  → surprise = 0.3413  segments → segments4/e564dc15-435b-462a-990a-4761cf398d7a_segments.csv
  → surprise = 0.3133  segments → segments4/e57a9435-cfe7-4ded-a770-d322fce48425_segments.csv
  → surprise = 0.3507  segments → segments4/e6d852dd-2510-482f-ad25-3d731388ea44_segments.csv
  → surprise = 0.3518  segments → segments4/ea417823-8ca0-417c-8901-114fa4f2d47f_segments.csv
  → surprise = 0.3399  segments → segments4/ea706b45-a60f-462f-8fab-66cab1126989_segments.csv
  → surprise = 0.3022  segments → segments4/ea891412-81c9-4377-b7ac-b63d6cd00f70_segments.csv
  → surprise = 0.3112  segments → segments4/eb7088e6-c92c-4cf4-9bb2-0d606074f914_segments.csv
  → surprise = 0.3224  segments → segments4/ec9fd60f-578b-4e29-b016-b6a424b064f4_segments.csv
  → surprise = 0.3494  segments → segments4/ecb53665-3b24-416f-9a63-24030aed6f97_segments.csv
  → surprise = 0.3348  segments → segments4/ecb608ac-6443-46d4-9025-1300c456b8c8_segments.csv
  → surprise = 0.3192  segments → segments4/ed6d342f-d599-41ba-a0a4-2822bbe9a78a_segments.csv
  → surprise = 0.3473  segments → segments4/efe779fd-51bb-4de7-b4a1-332a594d14cb_segments.csv
  → surprise = 0.3394  segments → segments4/f18b7d7f-a01b-4944-896d-e85a0095b84e_segments.csv
  → surprise = 0.3432  segments → segments4/f22115b5-b9be-4e30-8576-7c1fcecec480_segments.csv
  → surprise = 0.3349  segments → segments4/f2a58269-1712-41b3-8103-9b0dc9127c2c_segments.csv
  → surprise = 0.3572  segments → segments4/f488287d-ea74-4836-9ea4-e137ac6c8233_segments.csv
  → surprise = 0.3445  segments → segments4/f4a72335-18d8-42d2-94a5-9dd8b4a4d388_segments.csv
  → surprise = 0.3108  segments → segments4/f5766849-60b0-4a01-b644-fa2860a96d28_segments.csv
  → surprise = 0.3413  segments → segments4/f6da2935-f18d-4ef4-9a50-8890d1cf796a_segments.csv
  → surprise = 0.3493  segments → segments4/f7ca7dc2-6ab3-40aa-a323-1cb91970674c_segments.csv
  → surprise = 0.3530  segments → segments4/f7d8b7d8-be63-442d-8c5c-61c4034ba11d_segments.csv
  → surprise = 0.3408  segments → segments4/fc517ef5-572c-43ee-9e43-6fdd6f6d5768_segments.csv
  → surprise = 0.3413  segments → segments4/fd5a127e-d587-44e3-b4cd-b8d88e7b7fa4_segments.csv

Done! Video ranking saved to results4.csv
Segment CSVs saved to segments4/
[gpu-05.hpc.sbme-labs.app] fold 4 finished at 2026-10-07T11:24:24+03:00
  → surprise = 0.3559  segments → segments2/5dac9d4b-1ac8-468b-a51b-8b7e0dbe554b_segments.csv
  → surprise = 0.3286  segments → segments2/5fee12e8-d65f-41f8-992d-5501a4c0aa2a_segments.csv
  → surprise = 0.3343  segments → segments2/6016f647-3f01-40ba-a47a-fe426eddd3b9_segments.csv
  → surprise = 0.3582  segments → segments2/6243586b-a8df-4c37-95f8-da7f4f5d57d6_segments.csv
  → surprise = 0.3382  segments → segments2/6362c66e-473f-4a09-a736-6425165aa63d_segments.csv
  → surprise = 0.3489  segments → segments2/65403036-df60-4ccb-ac72-2808b841665c_segments.csv
  → surprise = 0.3430  segments → segments2/6628a2fb-19e2-4fe5-aedb-92fe5ceee9c9_segments.csv
  → surprise = 0.3517  segments → segments2/67028921-df93-428c-853f-4d4a96a3f115_segments.csv
  → surprise = 0.3135  segments → segments2/6abc010d-be71-498d-af0b-15c5845d315f_segments.csv
  → surprise = 0.3424  segments → segments2/6bea0b73-ab46-4615-a86e-cb65784dba0b_segments.csv
  → surprise = 0.3382  segments → segments2/6f37694e-26b8-4dc6-9942-567e1e912cda_segments.csv
  → surprise = 0.3376  segments → segments2/6fab4528-101a-4a4b-bb90-a2a155a0bddb_segments.csv
  → surprise = 0.3402  segments → segments2/7020da7d-bc13-4272-ba46-5296f38c0c02_segments.csv
  → surprise = 0.3411  segments → segments2/7183dfd7-06bd-4a72-8226-25e25081a07b_segments.csv
  → surprise = 0.3582  segments → segments2/71aa4945-0402-453c-b66f-6550cdc37aa8_segments.csv
  → surprise = 0.3509  segments → segments2/71c04f59-46c2-4ac8-af56-e04b29acc8ec_segments.csv
  → surprise = 0.3315  segments → segments2/735a4488-d348-424e-9a59-b0d67374da3e_segments.csv
  → surprise = 0.2997  segments → segments2/776749e2-dbd3-46f9-95f9-d20c431f4749_segments.csv
  → surprise = 0.3574  segments → segments2/786877d8-e353-4fae-b488-8d7443646882_segments.csv
  → surprise = 0.3497  segments → segments2/7a4ce547-ff54-45cf-86ac-a97bd06cfe35_segments.csv
  → surprise = 0.3489  segments → segments2/7a75747e-1991-4da4-866c-ededcfac6b53_segments.csv
  → surprise = 0.3261  segments → segments2/7a999245-1307-48c9-9453-d3a261369fb9_segments.csv
  → surprise = 0.3173  segments → segments2/7b955799-d128-439c-92c0-9c186ac9f34a_segments.csv
  → surprise = 0.3188  segments → segments2/7e7db148-9250-4071-b93e-0add20b5609d_segments.csv
  → surprise = 0.3509  segments → segments2/82961ada-8e4d-4b7c-b763-cc6ddf91f004_segments.csv
  → surprise = 0.3115  segments → segments2/847c00b4-fa4f-4f19-b2e0-485d3180cd7c_segments.csv
  → surprise = 0.3616  segments → segments2/849f7765-ec50-48ac-97c6-1353510c5deb_segments.csv
  → surprise = 0.3451  segments → segments2/88a3b2a1-0b98-4c13-b62a-b6d1a4603900_segments.csv
  → surprise = 0.3283  segments → segments2/8a4defe3-aae4-4c56-8b55-21fc618ad508_segments.csv
  → surprise = 0.2955  segments → segments2/8c2d9762-6c07-434c-9350-3530a83cb376_segments.csv
  → surprise = 0.3601  segments → segments2/8cf7f552-c1df-4482-8c0d-db17d098bf02_segments.csv
  → surprise = 0.3518  segments → segments2/8d05d5eb-5967-42f8-9bcb-3c250b14910b_segments.csv
  → surprise = 0.3514  segments → segments2/8dd21d3b-0882-4b44-aada-a3d9078496f8_segments.csv
  → surprise = 0.3282  segments → segments2/8e3070fc-6616-4a8b-ab44-2a2b80634739_segments.csv
  → surprise = 0.3275  segments → segments2/8ea8bd4d-8778-4a0e-81aa-3f34044ce7ca_segments.csv
  → surprise = 0.3485  segments → segments2/9090e69c-43c2-46c6-ab96-06f4918a1f0f_segments.csv
  → surprise = 0.3292  segments → segments2/93dd0d73-4bba-42b8-a382-18ecec4e3c6f_segments.csv
  → surprise = 0.3512  segments → segments2/9449cce3-06fd-4cbe-a2e8-5c86d5317221_segments.csv
  → surprise = 0.3440  segments → segments2/947e135d-ae28-4812-8575-8418ff4585ff_segments.csv
  → surprise = 0.3435  segments → segments2/94ba07b8-7cdb-4605-9c8e-0ab91b60a75a_segments.csv
  → surprise = 0.3579  segments → segments2/94d949bb-f314-446b-95fb-a24a09694264_segments.csv
  → surprise = 0.3359  segments → segments2/94e8fb8f-ecf5-409c-940b-a5c966ea2837_segments.csv
  → surprise = 0.3493  segments → segments2/952f40df-b1d7-4562-afe4-2a4ff569e949_segments.csv
  → surprise = 0.3423  segments → segments2/9640b819-c443-485d-9f1a-e7a9da083468_segments.csv
  → surprise = 0.3220  segments → segments2/96454b50-dadd-4be0-a384-78e12815784b_segments.csv
  → surprise = 0.3467  segments → segments2/97c1c805-291f-4b2f-bef9-0495d9d2fc92_segments.csv
  → surprise = 0.3548  segments → segments2/9ae0a813-9874-45a9-bdea-3add693f7937_segments.csv
  → surprise = 0.3554  segments → segments2/9bfc628d-cf2b-4c11-b20e-d6cf5cea0b73_segments.csv
  → surprise = 0.3396  segments → segments2/9e752143-a495-4e19-a8f3-5df268d64665_segments.csv
  → surprise = 0.2935  segments → segments2/9ee62f5e-d147-45c5-a563-3aa45e3d0bf0_segments.csv
  → surprise = 0.3504  segments → segments2/a2c20908-2557-49af-b753-44764b441fb5_segments.csv
  → surprise = 0.3663  segments → segments2/a71f72c5-5225-4b12-aba3-01fa46f53427_segments.csv
  → surprise = 0.3495  segments → segments2/a877f82a-4dc8-4940-9963-25b7f4199f01_segments.csv
  → surprise = 0.3209  segments → segments2/aa99edda-bdd5-4c50-9da9-b5a254a75e86_segments.csv
  → surprise = 0.3596  segments → segments2/aca5bc6f-ae4f-46de-8245-388bda763b9f_segments.csv
  → surprise = 0.3444  segments → segments2/adb4d6fa-b8bb-4ccd-a08a-ade21ee5c3c2_segments.csv
  → surprise = 0.3533  segments → segments2/b32d590d-e5ee-4477-ada1-8ccbc0ee28e1_segments.csv
  → surprise = 0.3474  segments → segments2/b3ba6f28-2506-4121-ad08-c5b96b410a1f_segments.csv
  → surprise = 0.3285  segments → segments2/b4dd7b43-3358-4778-993e-fa0abc80cf12_segments.csv
  → surprise = 0.3333  segments → segments2/b5241854-55b3-4ee5-a7f1-6b44c9e3c936_segments.csv
  → surprise = 0.3524  segments → segments2/b5a8a86b-4beb-4615-8b2d-0c55cdd9e0f8_segments.csv
  → surprise = 0.3600  segments → segments2/b61b0b56-a852-47e2-ab09-9380d8465162_segments.csv
  → surprise = 0.3352  segments → segments2/b675dac3-61ad-45d3-b9bb-9f1639970562_segments.csv
  → surprise = 0.3396  segments → segments2/b7eb49cd-3033-455f-9d32-f48287b1a62c_segments.csv
  → surprise = 0.3402  segments → segments2/b8ffe4d7-3841-4751-acd7-2f14f4bb712a_segments.csv
  → surprise = 0.3253  segments → segments2/b92eee0d-6b89-4424-a059-8ddd989b048b_segments.csv
  → surprise = 0.3409  segments → segments2/bc95b190-02a0-435a-a7cf-90d20ae0e23a_segments.csv
  → surprise = 0.3538  segments → segments2/c03c6a16-d146-46ca-bb7c-b81baf4feb55_segments.csv
  → surprise = 0.3488  segments → segments2/c0a6b35d-b074-4d99-baa9-79914e4418f7_segments.csv
  → surprise = 0.3491  segments → segments2/c0c8447a-3b08-485f-bf2c-f7fb6676fecd_segments.csv
  → surprise = 0.3544  segments → segments2/c115ba6e-cc76-4d8c-b28e-b659a558fc43_segments.csv
  → surprise = 0.3219  segments → segments2/c1783dd8-c6b0-4603-a0c6-72ad34fe9632_segments.csv
  → surprise = 0.3199  segments → segments2/c1e20f08-1809-43cb-b279-43226f082be7_segments.csv
  → surprise = 0.3395  segments → segments2/c20cf0c7-8c75-47cb-b069-46c2a2058519_segments.csv
  → surprise = 0.3533  segments → segments2/c4d30882-e057-4028-aaff-d8676ae50699_segments.csv
  → surprise = 0.3435  segments → segments2/c6b5d782-d267-410e-8566-f7fe5d4a78a9_segments.csv
  → surprise = 0.3514  segments → segments2/c707920d-846e-4dc2-9f16-71705507669f_segments.csv
  → surprise = 0.3439  segments → segments2/c7df0fe0-38ac-4fc1-a068-498ed8ac8ad2_segments.csv
  → surprise = 0.3555  segments → segments2/c97d0f65-e295-48ee-a5b8-00e3ee989916_segments.csv
  → surprise = 0.3607  segments → segments2/cc2b8d5b-181e-4d32-81f2-f45dd739d6e7_segments.csv
  → surprise = 0.3570  segments → segments2/cc7effc3-f01a-4968-9c8f-8ab563db28fe_segments.csv
  → surprise = 0.3242  segments → segments2/ce88301a-4b6b-43b4-92e9-49a6335f65e9_segments.csv
  → surprise = 0.3262  segments → segments2/cf8345a5-30e1-44f9-8751-bd99836b5b1f_segments.csv
  → surprise = 0.3336  segments → segments2/cf90f24b-32de-452a-b154-03ca5e47099a_segments.csv
  → surprise = 0.3120  segments → segments5/68c73d6c-8102-42ae-8d07-c5529bb933fa_segments.csv
  → surprise = 0.3175  segments → segments5/6945a7ee-5d15-41f9-9c5e-e4a121332f59_segments.csv
  → surprise = 0.3480  segments → segments5/6a70377a-68fc-44ae-b8f2-1ae7855aac9e_segments.csv
  → surprise = 0.3364  segments → segments5/6b6825dc-7094-4bdb-aca8-c02305910ce6_segments.csv
  → surprise = 0.3412  segments → segments5/6c8bc8b8-76d2-4f27-ab4b-c3f2d7e0a1a6_segments.csv
  → surprise = 0.3568  segments → segments5/6cfd4cbe-ed90-4090-9343-9c14701f283d_segments.csv
  → surprise = 0.3366  segments → segments5/6fe7244f-3a33-4d67-bb2a-5542473f0cfe_segments.csv
  → surprise = 0.3131  segments → segments5/72d6a00b-0554-41cd-a00d-0c1e64e400df_segments.csv
  → surprise = 0.3566  segments → segments5/73139ac7-aa0a-4119-bf90-81a94a3f8c55_segments.csv
  → surprise = 0.3474  segments → segments5/769172e9-56ca-4de4-85dd-a7edddac7a00_segments.csv
  → surprise = 0.3206  segments → segments5/769a17ba-20d2-4f77-874f-874e5fb346bf_segments.csv
  → surprise = 0.3601  segments → segments5/76f450c1-3542-4f8a-964c-66c857a23601_segments.csv
  → surprise = 0.3047  segments → segments5/777e247b-5a7e-4e7d-b304-a51cb4ed835d_segments.csv
  → surprise = 0.3323  segments → segments5/778e6277-a337-46f0-a96b-809b1e5d7808_segments.csv
  → surprise = 0.3550  segments → segments5/799cca28-da4a-463b-8ac6-f69a0b496c45_segments.csv
  → surprise = 0.3509  segments → segments5/7a295342-260f-4cd9-9d92-f34d481deeae_segments.csv
  → surprise = 0.3235  segments → segments5/7ab911c5-44ec-44e8-b81a-e05625f39500_segments.csv
  → surprise = 0.3640  segments → segments5/7d43e858-fc76-4f75-83b7-0da80e3a8a46_segments.csv
  → surprise = 0.3491  segments → segments5/7f959a19-7aaa-40f7-8159-726e85aa513b_segments.csv
  → surprise = 0.3531  segments → segments5/80d2d992-0765-4fd9-b75b-7334cfefbd6f_segments.csv
  → surprise = 0.3502  segments → segments5/8222d217-647b-4675-a104-33177fccdd54_segments.csv
  → surprise = 0.3603  segments → segments5/84004f8b-5cdd-4810-bf98-cea2f7d508d3_segments.csv
  → surprise = 0.3358  segments → segments5/847515e4-e3ca-403e-826d-91e9442ddee3_segments.csv
  → surprise = 0.3403  segments → segments5/853caa61-74fd-426f-a0c0-84a128fbea1c_segments.csv
  → surprise = 0.3644  segments → segments5/8879d90a-96b7-4ffc-abb0-6d911f85f846_segments.csv
  → surprise = 0.3658  segments → segments5/88a55fd4-0a59-4435-afe5-cb10ac457b53_segments.csv
  → surprise = 0.3444  segments → segments5/8912a138-6c68-424d-8be5-59e0d4f5c173_segments.csv
  → surprise = 0.3358  segments → segments5/898157bc-a92c-47ec-ad79-25469f327e2e_segments.csv
  → surprise = 0.3284  segments → segments5/89e7168c-f17f-4acd-aceb-740ebd0b760e_segments.csv
  → surprise = 0.3640  segments → segments5/8e748fd1-e30e-4bf6-a04f-5f570ca075ac_segments.csv
  → surprise = 0.2940  segments → segments5/8e9ce0c8-9a8f-414d-b3c4-cebd0fd1d85b_segments.csv
  → surprise = 0.3319  segments → segments5/8f3c9a64-f05f-4275-a548-b251fd1cf0f8_segments.csv
  → surprise = 0.3530  segments → segments5/915298a9-2f5a-4686-ba74-f71ef3c81802_segments.csv
  → surprise = 0.3159  segments → segments5/93a39502-ab8f-4ded-9c84-e96527d68b67_segments.csv
  → surprise = 0.3008  segments → segments5/93a99839-411e-4a13-a73a-4de7a22054c8_segments.csv
  → surprise = 0.3392  segments → segments5/93b3e3a0-df83-438e-9ca8-a472589ba30c_segments.csv
  → surprise = 0.3152  segments → segments5/93f141ae-7b47-40d9-9093-d4d6c548b1b8_segments.csv
  → surprise = 0.3490  segments → segments5/94448c15-acf5-499f-ba3b-663eb3b297c4_segments.csv
  → surprise = 0.3573  segments → segments5/968139e2-987e-4615-a2d4-fa2e683bae8a_segments.csv
  → surprise = 0.3659  segments → segments5/96cb148b-9d41-47af-8be7-a444713d57bf_segments.csv
  → surprise = 0.2886  segments → segments5/9746d0b3-6dc3-42ab-9910-5c6bb9736e8f_segments.csv
  → surprise = 0.2921  segments → segments5/97d62297-ee2c-482f-aec2-4f73448c3a03_segments.csv
  → surprise = 0.3227  segments → segments5/98172f49-6b2b-4376-8e88-b80f64a2e1f2_segments.csv
  → surprise = 0.3389  segments → segments5/9827a535-6963-434f-ad79-1940aa622c22_segments.csv
  → surprise = 0.3341  segments → segments5/9a18a78b-2621-4e3c-9c1c-b6bab2fa2428_segments.csv
  → surprise = 0.3536  segments → segments5/9a33e9f1-a740-4810-a624-62b0c9935741_segments.csv
  → surprise = 0.3018  segments → segments5/9b8cf89b-e80b-47d1-ba5d-5b0a5a526285_segments.csv
  → surprise = 0.3393  segments → segments5/9b8e8dc6-4069-4ef4-b8b2-edeb76894d53_segments.csv
  → surprise = 0.3547  segments → segments5/9c07f3a2-5033-4f78-a377-a4cf5a7d7add_segments.csv
  → surprise = 0.3244  segments → segments5/9c99e9a1-8d61-48f5-8165-9c5215a257fe_segments.csv
  → surprise = 0.3505  segments → segments5/9e0594bd-15a5-4ae7-afa0-9283683ae1f2_segments.csv
  → surprise = 0.3531  segments → segments5/9f6a691f-26b3-4fb8-a1dd-2c0f4e1e23b6_segments.csv
  → surprise = 0.3671  segments → segments5/a1ba567f-9ff5-4def-96ac-87d237749f2d_segments.csv
  → surprise = 0.3481  segments → segments5/a69d9469-60fe-46ba-b626-e2af188aa33c_segments.csv
  → surprise = 0.3208  segments → segments5/a7130a1c-5dc7-4f9c-ac2b-3ecdb9bcc7ae_segments.csv
  → surprise = 0.3156  segments → segments5/a8597fc0-8477-4210-8c78-a52276b125a1_segments.csv
  → surprise = 0.3434  segments → segments5/a86c5954-f4af-4ef9-b9f4-1ed5e9224c9c_segments.csv
  → surprise = 0.3185  segments → segments5/a9ab83d6-9fbe-4368-8ce6-1079a5dfb63c_segments.csv
  → surprise = 0.3561  segments → segments5/a9d38665-1aa0-4331-818b-fc7bdd69b6aa_segments.csv
  → surprise = 0.3646  segments → segments5/aa3aa45a-ab0a-4f3e-9629-ed8e8e68b533_segments.csv
  → surprise = 0.3526  segments → segments5/aae90bb1-c8b8-433c-98b6-2bc5f20af6ea_segments.csv
  → surprise = 0.3525  segments → segments5/acbba7f3-868f-4125-8ad6-817a62d1d978_segments.csv
  → surprise = 0.3503  segments → segments5/af72c57c-b242-48b2-8d00-aea29f4e37ac_segments.csv
  → surprise = 0.3529  segments → segments5/b04704e1-6fc4-4492-902b-43849d6b97b5_segments.csv
  → surprise = 0.3464  segments → segments5/b2078083-c33f-4c35-9ebf-0ff6ccc05b6c_segments.csv
  → surprise = 0.3449  segments → segments5/b20a9e76-f2f0-4960-8a3b-2136d8550c46_segments.csv
  → surprise = 0.3438  segments → segments5/b2a3d8c4-eb58-4a5a-a62a-03612c4821cb_segments.csv
  → surprise = 0.3413  segments → segments5/b2ebded2-4c94-473d-b9e4-8dd3556a3152_segments.csv
  → surprise = 0.3493  segments → segments5/b40913e4-79cc-45b6-a072-490667ced20f_segments.csv
  → surprise = 0.3381  segments → segments5/b6cbf9db-4365-4968-b04c-760cc2617be4_segments.csv
  → surprise = 0.3334  segments → segments5/b83285c5-0b88-4ced-a52e-5c34ea371507_segments.csv
  → surprise = 0.3628  segments → segments5/b8c6254a-9cd4-46b0-8be9-f15cca2cbd62_segments.csv
  → surprise = 0.3514  segments → segments5/bc864bb2-d346-4b99-a11a-bb320a563277_segments.csv
  → surprise = 0.3184  segments → segments5/c06a1dec-75b2-457c-b419-679eef4fcfc3_segments.csv
  → surprise = 0.3357  segments → segments5/c1aecf85-ca86-4f96-b40e-65717559aa11_segments.csv
  → surprise = 0.3414  segments → segments5/c1b1749c-398b-4386-9049-fe318dcad431_segments.csv
  → surprise = 0.3512  segments → segments5/c4630a82-9c5a-4582-adfa-aa9cddf17afa_segments.csv
  → surprise = 0.3535  segments → segments5/c833a9f6-c59e-4f4e-816f-77f1a32c6c05_segments.csv
  → surprise = 0.3582  segments → segments5/c921e8d0-f3df-4601-bd99-e9cfb139e3aa_segments.csv
  → surprise = 0.3420  segments → segments5/cbcd0162-7288-460b-8de5-4a5bf55265d1_segments.csv
  → surprise = 0.3324  segments → segments5/ccc51882-745d-4e30-b02a-97fa0879c520_segments.csv
  → surprise = 0.3632  segments → segments5/cd5f2fa1-60bf-42a9-bb16-81bb553fb063_segments.csv
  → surprise = 0.3415  segments → segments5/d32131bd-c548-4f81-8700-afc3f5a48f7e_segments.csv
  → surprise = 0.3467  segments → segments5/d38f271c-53f3-4771-8c17-a5157e723067_segments.csv
  → surprise = 0.3581  segments → segments2/d01e0d60-d5a6-4de4-8450-e66efa1310dc_segments.csv
  → surprise = 0.3262  segments → segments2/d02fe2b4-fd4a-4b8a-baac-e1c90379acb9_segments.csv
  → surprise = 0.3417  segments → segments2/d256e7bd-131c-498b-8398-52e996264fa8_segments.csv
  → surprise = 0.3416  segments → segments2/d3980f7e-2ef1-4b2b-b73a-2a7db7465660_segments.csv
  → surprise = 0.3394  segments → segments2/d6ade77d-f6a8-4735-958c-bd66537d0baf_segments.csv
  → surprise = 0.3348  segments → segments2/d9ebd625-4b42-4906-9f4e-da8a7dc93bc7_segments.csv
  → surprise = 0.3514  segments → segments2/da57e430-cbfc-4ba4-86fd-b6dd2f28ed1a_segments.csv
  → surprise = 0.3447  segments → segments2/dc114a93-df82-4cad-b571-17144eeec402_segments.csv
  → surprise = 0.3416  segments → segments2/df54512e-8220-4610-90c3-231aad6a2a17_segments.csv
  → surprise = 0.3349  segments → segments2/e1ef793e-19b5-420b-b0ce-e114e2e8153d_segments.csv
  → surprise = 0.3524  segments → segments2/e256810f-ee9f-4580-8883-7bfc38fc6138_segments.csv
  → surprise = 0.3430  segments → segments2/e3283ef1-1659-4d5c-a09d-fd0f4df98aba_segments.csv
  → surprise = 0.3474  segments → segments2/e4ab68fe-3560-4dc1-8dbf-f8d4df39f770_segments.csv
  → surprise = 0.3365  segments → segments2/e65cdb37-b00c-44b1-909f-068022d804cb_segments.csv
  → surprise = 0.3362  segments → segments2/e7273d32-46d0-4fb4-a7a6-32ab94855a9a_segments.csv
  → surprise = 0.3498  segments → segments2/e7341197-a3ee-4259-a392-32e766ef07c6_segments.csv
  → surprise = 0.3536  segments → segments2/e7433eec-e6e9-400b-909b-7ddf3e5a1e72_segments.csv
  → surprise = 0.3227  segments → segments2/e750d46b-2c3a-468e-88db-4169a9d65a9a_segments.csv
  → surprise = 0.3429  segments → segments2/e8a47631-b7e6-4c7d-bf0f-a37bf1ec913a_segments.csv
  → surprise = 0.3211  segments → segments2/ea096b64-6723-4b54-8e17-6b5fcc1a9bd6_segments.csv
  → surprise = 0.3564  segments → segments2/ec2dd95c-7e47-467f-8dd7-d7577e3e81c1_segments.csv
  → surprise = 0.3444  segments → segments2/ec717784-75f8-43ba-b775-46c0b4fe4951_segments.csv
  → surprise = 0.3473  segments → segments2/ee401f80-7732-4f67-a9bb-0c1e58b40b84_segments.csv
  → surprise = 0.3521  segments → segments2/ef575e67-15e7-419b-b4f8-a02a63c6811a_segments.csv
  → surprise = 0.3358  segments → segments2/efed2be7-8961-4d8f-96e6-d992984ecbc5_segments.csv
  → surprise = 0.3167  segments → segments2/f376a9e2-210d-4cba-a158-faa771cdffb1_segments.csv
  → surprise = 0.3187  segments → segments2/f3dc880e-c5c9-4463-b1f3-8e2465ea6032_segments.csv
  → surprise = 0.3447  segments → segments2/f830c917-2315-4c2e-bcb9-b9808f50a91f_segments.csv
  → surprise = 0.3425  segments → segments2/f8fdc50e-290b-4248-9785-98ac0f08c8fa_segments.csv
  → surprise = 0.3509  segments → segments2/fcc1b592-f210-4e4a-a2e4-2dd811ae9b2b_segments.csv
  → surprise = 0.3476  segments → segments2/fe9e3c72-b4f0-4e0c-862f-cc9edb146f27_segments.csv
  → surprise = 0.3341  segments → segments2/fea524d4-a1b6-466c-ac48-8777c3fd173d_segments.csv
  → surprise = 0.3438  segments → segments2/fee4883d-0bbc-42c6-b134-3c5d03f5971e_segments.csv

Done! Video ranking saved to results2.csv
Segment CSVs saved to segments2/
[gpu-02.hpc.sbme-labs.app] fold 2 finished at 2026-10-07T12:17:05+00:00
  → surprise = 0.3358  segments → segments3/7113f2d7-19db-4653-b649-6422cbd8680a_segments.csv
  → surprise = 0.3480  segments → segments3/711a74cf-33f2-426f-89aa-1837864e54f9_segments.csv
  → surprise = 0.3481  segments → segments3/73257595-8d1a-40b6-a0f6-03818bf7390b_segments.csv
  → surprise = 0.3540  segments → segments3/74ca5730-57a9-4844-9c87-79c613077035_segments.csv
  → surprise = 0.3608  segments → segments3/7921902b-293f-49e2-9401-d96791a90e15_segments.csv
  → surprise = 0.3488  segments → segments3/7a52340a-24d4-4367-86c8-05d007671fc1_segments.csv
  → surprise = 0.3496  segments → segments3/7cc8656c-74d0-4e2a-8de8-01f801528fcb_segments.csv
  → surprise = 0.3394  segments → segments3/7d1f0e94-74a9-4c9f-a026-88192d1da079_segments.csv
  → surprise = 0.3632  segments → segments3/7d434f6f-7489-4951-a3f0-3f9e49b11973_segments.csv
  → surprise = 0.3147  segments → segments3/7f03a8d4-dcc4-406b-b4f6-998619ff532a_segments.csv
  → surprise = 0.3545  segments → segments3/7fe5a9ce-76d4-467a-bed4-c4a95cc49ba0_segments.csv
  → surprise = 0.3540  segments → segments3/8204f688-e6b7-498d-98c7-3a7edc52aa1c_segments.csv
  → surprise = 0.3557  segments → segments3/824e7896-904a-4ff5-b7ee-e21df21918c2_segments.csv
  → surprise = 0.3474  segments → segments3/826e419a-8788-484f-9543-550964666762_segments.csv
  → surprise = 0.3410  segments → segments3/84643611-9777-4b26-96d5-ab578b8cfb04_segments.csv
  → surprise = 0.3375  segments → segments3/84fc2783-4557-4b80-aa2d-bfb028aa9198_segments.csv
  → surprise = 0.3569  segments → segments3/85ceb27d-8a8d-44f1-a0df-105814fd6e31_segments.csv
  → surprise = 0.3492  segments → segments3/862ab3db-ce54-4c8d-b5f5-5cfedf7a1f3a_segments.csv
  → surprise = 0.3304  segments → segments3/8773a5e9-c3fd-4777-815b-572b08ce3abe_segments.csv
  → surprise = 0.3227  segments → segments3/8890731b-0a99-46e5-8e8a-b1366bcda55e_segments.csv
  → surprise = 0.3135  segments → segments3/892a25e2-df0c-4577-af57-b720e73654f6_segments.csv
  → surprise = 0.3295  segments → segments3/8974fb34-f02f-4585-8ea3-d9e423803df7_segments.csv
  → surprise = 0.3073  segments → segments3/8acea453-de5f-4075-9778-453cfcfbbe7c_segments.csv
  → surprise = 0.3307  segments → segments3/8b2eb476-c242-4220-8102-9f3152159788_segments.csv
  → surprise = 0.3563  segments → segments3/8f91bc0d-9ce7-4b31-aba7-dd59791917df_segments.csv
  → surprise = 0.3496  segments → segments3/90398a2b-de6b-4232-9bea-149c48cb1326_segments.csv
  → surprise = 0.3150  segments → segments3/912a2aed-ea51-4721-a14b-8d9fcb12091f_segments.csv
  → surprise = 0.3507  segments → segments3/91721eb9-04af-48db-bca7-48b5240f2c88_segments.csv
  → surprise = 0.3643  segments → segments3/9520f703-8904-4123-bd7f-873b0b42074b_segments.csv
  → surprise = 0.3631  segments → segments3/95d8c9cd-7d4f-4902-b0a5-a9c198a988be_segments.csv
  → surprise = 0.3331  segments → segments3/96267fe7-19c1-4409-b333-4fa08c27c38e_segments.csv
  → surprise = 0.3449  segments → segments3/96a72022-f4b6-458e-b136-cd97336fb687_segments.csv
  → surprise = 0.3121  segments → segments3/97ab9564-34c2-4272-97ec-8c4f2f76e117_segments.csv
  → surprise = 0.3410  segments → segments3/97d0855b-f0b3-4435-badc-372b4e05a5d7_segments.csv
  → surprise = 0.3393  segments → segments3/99373490-3d99-4339-84e4-4b461c20b052_segments.csv
  → surprise = 0.3544  segments → segments3/999755f8-ae42-4030-9e0d-ad2c5c470cb1_segments.csv
  → surprise = 0.3541  segments → segments3/99cdc32b-828f-41b2-bc27-43a8b689e11a_segments.csv
  → surprise = 0.3281  segments → segments3/9a3cfd94-d9e2-4bb1-9cc2-0e15ebcc18e5_segments.csv
  → surprise = 0.3430  segments → segments3/9e6982bd-f7fd-47ab-98c2-0b17c8e99d06_segments.csv
  → surprise = 0.3133  segments → segments3/9e839675-200b-47ca-8131-fdea65870166_segments.csv
  → surprise = 0.3536  segments → segments3/a094dc09-0db0-4ccd-bfde-ff1001db4d3e_segments.csv
  → surprise = 0.3062  segments → segments3/a11c2362-32c7-4eab-af43-1a4469880c8b_segments.csv
  → surprise = 0.3551  segments → segments3/a330bb33-7cef-48d8-81e8-e0abd9fd0896_segments.csv
  → surprise = 0.3559  segments → segments3/a43fbc55-2835-447f-b88f-1ce3d426d790_segments.csv
  → surprise = 0.3569  segments → segments3/a5a65d19-461d-44d1-8769-2206b2e2bc08_segments.csv
  → surprise = 0.3063  segments → segments3/a62958d9-c4d1-4123-9e92-508885240558_segments.csv
  → surprise = 0.3395  segments → segments3/a721f766-7bda-4b7c-a105-6d0e0c4e3789_segments.csv
  → surprise = 0.3431  segments → segments3/a723d89c-78b7-4325-b18e-b8a4436a27ca_segments.csv
  → surprise = 0.3488  segments → segments3/a772f23c-3789-4e8b-8352-5495eea6e94d_segments.csv
  → surprise = 0.3338  segments → segments3/a99c5790-b590-4c29-98b3-004bbf106ce7_segments.csv
  → surprise = 0.3484  segments → segments3/aabc5114-a6a1-459d-81ed-99370385a7e4_segments.csv
  → surprise = 0.3476  segments → segments3/ab3dff8b-9513-4315-aef5-908504fa0bd2_segments.csv
  → surprise = 0.3678  segments → segments3/ad8897d9-c04a-4296-8485-7af4ff9d0999_segments.csv
  → surprise = 0.3502  segments → segments3/adf36966-1524-40f2-bf75-dabf06a10dc7_segments.csv
  → surprise = 0.3485  segments → segments3/aee3035a-a3cf-473b-afe9-168717aec9c6_segments.csv
  → surprise = 0.3482  segments → segments3/af27880e-52c4-4841-8ac6-c3019755a4a5_segments.csv
  → surprise = 0.3566  segments → segments3/af539ab4-2e40-43a2-a752-477e0240e600_segments.csv
  → surprise = 0.3487  segments → segments3/b1ed4c5e-d6a1-4e6e-bf70-9a718078ff49_segments.csv
  → surprise = 0.3519  segments → segments3/b26858ab-82f2-4d04-9d7e-d989dd1b6ba3_segments.csv
  → surprise = 0.3555  segments → segments3/b45f4164-7c7d-41fa-b71e-42fced56984c_segments.csv
  → surprise = 0.3335  segments → segments3/b4b83bf9-24d1-40f1-9aef-c9afa0afb91c_segments.csv
  → surprise = 0.3375  segments → segments3/b5b243f6-3e6b-46fe-944e-a66afd50dace_segments.csv
  → surprise = 0.3215  segments → segments3/b7f0df69-58fe-4532-8371-d478d9316320_segments.csv
  → surprise = 0.3213  segments → segments3/b8a893ca-38af-4d7e-ab27-4bd40e99dfc8_segments.csv
  → surprise = 0.3217  segments → segments3/bc16dcef-d666-42c8-8a83-6babdf0e045f_segments.csv
  → surprise = 0.3289  segments → segments3/bf8c032e-e8d5-4513-a94f-ecd3fa6c5d5f_segments.csv
  → surprise = 0.3527  segments → segments3/c0701c74-4f73-4bbf-aac1-bfd72b6633c6_segments.csv
  → surprise = 0.3572  segments → segments3/c13c132e-97df-4969-b525-9cca74ad218e_segments.csv
  → surprise = 0.3303  segments → segments3/c31a5086-52ff-4178-a0cc-9032c6ee1d7f_segments.csv
  → surprise = 0.3564  segments → segments3/c33d75c2-acd1-4fea-8c9e-34b18ed306cf_segments.csv
  → surprise = 0.3626  segments → segments3/c4788a69-9f85-4883-9802-97ac50f94dc6_segments.csv
  → surprise = 0.3340  segments → segments3/c6148208-d643-4735-94d8-ae9f14eacef6_segments.csv
  → surprise = 0.3518  segments → segments3/c6c7e4c6-6155-40b7-80da-e089c7ef6d2a_segments.csv
  → surprise = 0.3495  segments → segments3/c6dc5f11-8fe0-46cf-a5d0-0a12fb84215e_segments.csv
  → surprise = 0.3332  segments → segments3/c7d31de3-e2fc-4542-a318-7719a6922bb4_segments.csv
  → surprise = 0.3129  segments → segments3/c8a923dc-cfdb-48f4-a551-3182c6abc616_segments.csv
  → surprise = 0.3414  segments → segments3/cd4c731e-6ea7-4904-8a05-c6d2b3470d5d_segments.csv
  → surprise = 0.3627  segments → segments3/d011d171-5057-4968-ae7c-30dd484d7cf1_segments.csv
  → surprise = 0.2820  segments → segments3/d85356d4-2561-425d-9a29-bc363cd97155_segments.csv
  → surprise = 0.3360  segments → segments3/d9162a90-b55f-4b82-8ec0-1a55fbc20bc1_segments.csv
  → surprise = 0.3527  segments → segments3/d9941963-10dd-49bc-badc-998c88cf1e18_segments.csv
  → surprise = 0.3388  segments → segments3/db21ac35-14d1-4a74-a664-6e94fe8e230f_segments.csv
  → surprise = 0.3494  segments → segments3/dbc37e1d-e6bf-4301-9997-98c3fe68a922_segments.csv
  → surprise = 0.3387  segments → segments3/dbc9a0c6-fa65-4388-8266-aeab4ca2c2b4_segments.csv
  → surprise = 0.3522  segments → segments5/d392a2c0-7afb-436b-9233-08e3aa6ef741_segments.csv
  → surprise = 0.3548  segments → segments5/d4d3af30-b00a-430e-b55a-a427d92800fc_segments.csv
  → surprise = 0.3541  segments → segments5/d8c82f05-d99b-4b07-b9b2-e5b418d32152_segments.csv
  → surprise = 0.3227  segments → segments5/d8d08da3-8e58-4c53-828b-075ee56ca933_segments.csv
  → surprise = 0.3464  segments → segments5/d9918179-3ea0-408a-9865-92ececd95c6d_segments.csv
  → surprise = 0.3563  segments → segments5/dbaae0de-c432-4379-968f-7d3ee33336e9_segments.csv
  → surprise = 0.3117  segments → segments5/dc35b632-d6db-4f40-86b9-46dbe860e9b6_segments.csv
  → surprise = 0.3413  segments → segments5/dc382b28-2f31-4276-b972-0b7dea9ebaad_segments.csv
  → surprise = 0.3043  segments → segments5/dcd85b93-702c-41bd-b207-08b49678e33e_segments.csv
  → surprise = 0.3459  segments → segments5/dd02cb36-1265-40b4-b141-4e9f58c0d3b9_segments.csv
  → surprise = 0.3515  segments → segments5/de7c02dc-b339-4f12-81ca-405f5f8bac05_segments.csv
  → surprise = 0.3122  segments → segments5/de90e4f6-2177-41ec-b984-57d9917d9bac_segments.csv
  → surprise = 0.3161  segments → segments5/dfe04c95-e69b-4cb9-bf35-87e16ddd6ca8_segments.csv
  → surprise = 0.3496  segments → segments5/e12727cd-cbc2-4cce-a8e4-ed1370c710f5_segments.csv
  → surprise = 0.3543  segments → segments5/e3a79850-fca1-4b04-819b-dd79d1cfcc88_segments.csv
  → surprise = 0.3665  segments → segments5/e4298608-441c-4003-b955-3097c2db9ffb_segments.csv
  → surprise = 0.3274  segments → segments5/e50a806e-c996-46a5-bbe3-03a65efbef1f_segments.csv
  → surprise = 0.3534  segments → segments5/e8e1ac6d-5a69-4a57-bdd8-5138196ef7c1_segments.csv
  → surprise = 0.2802  segments → segments5/e90b64cd-b166-405e-925b-184f6beaab61_segments.csv
  → surprise = 0.3611  segments → segments5/e95ef7a7-f2cd-4c80-ac2d-fce4a1f763ef_segments.csv
  → surprise = 0.3635  segments → segments5/ea229192-82eb-49a3-b235-4902eb355f7b_segments.csv
  → surprise = 0.3400  segments → segments5/eab5373f-5c4b-428f-83ef-caa4b3054973_segments.csv
  → surprise = 0.3460  segments → segments5/ecb78f48-0919-4776-8f63-7017cca5a841_segments.csv
  → surprise = 0.3605  segments → segments5/ed47ec67-fdfe-43f9-b342-a643f6f831f5_segments.csv
  → surprise = 0.3631  segments → segments5/edea7771-89a8-4bcf-99c2-f102aa3d51dd_segments.csv
  → surprise = 0.3102  segments → segments5/f0b4024f-e7c5-482c-849b-7671fedea8bf_segments.csv
  → surprise = 0.3379  segments → segments5/f7996d83-df45-4dbb-b376-f774d838d6f0_segments.csv
  → surprise = 0.3428  segments → segments5/f89a29fe-d0d5-433c-84e8-9c5ef4bfa153_segments.csv
  → surprise = 0.3598  segments → segments5/fa47dfce-97d9-4742-994d-51a1822b6ebd_segments.csv
  → surprise = 0.3525  segments → segments5/fc34508d-f89f-40f8-bf8e-c4d08bbbbeaf_segments.csv
  → surprise = 0.3250  segments → segments5/fc6b2237-06d1-4e6c-8d4f-119f1427fabc_segments.csv
  → surprise = 0.3576  segments → segments5/fec511a0-8c07-43e7-ba06-c0d32d98ce6e_segments.csv
  → surprise = 0.3382  segments → segments5/fee6098f-e4a0-417d-9d8a-edbb27d488cd_segments.csv

Done! Video ranking saved to results5.csv
Segment CSVs saved to segments5/
[gpu-07.hpc.sbme-labs.app] fold 5 finished at 2026-10-07T15:02:14+00:00
  → surprise = 0.3397  segments → segments3/dda67072-b6ea-4c93-8d01-648664c4b56e_segments.csv
  → surprise = 0.3657  segments → segments3/de8807ad-b86a-46bd-b185-3deba8f02f75_segments.csv
  → surprise = 0.3363  segments → segments3/df01a6a0-2404-4a91-bd95-1ca04a4bcb05_segments.csv
  → surprise = 0.3477  segments → segments3/df7bdd06-c392-4a3d-ae1a-cdc234582472_segments.csv
  → surprise = 0.3498  segments → segments3/e01c477c-5e87-46b2-ae4c-9ae3a98e7e66_segments.csv
  → surprise = 0.3288  segments → segments3/e177fa1d-5620-40f8-9f8e-af0c737fbc36_segments.csv
  → surprise = 0.3505  segments → segments3/e19b1be3-8ee9-44cc-ae7d-99a3591ebba5_segments.csv
  → surprise = 0.3510  segments → segments3/e1eaa4d2-6a48-40dc-b097-4d3a005856ef_segments.csv
  → surprise = 0.3393  segments → segments3/e3c1e779-2f28-4bc6-8bb9-6c1bb7bc7dec_segments.csv
  → surprise = 0.3532  segments → segments3/e3ee60f1-5a34-4682-9ebb-ffbf1ea20758_segments.csv
  → surprise = 0.3480  segments → segments3/e70ed889-8d5f-4925-9e89-0516b012e731_segments.csv
  → surprise = 0.3231  segments → segments3/e7cec6b8-6359-412b-989f-d30464baddac_segments.csv
  → surprise = 0.3228  segments → segments3/e99a32fa-19c9-41e6-be66-37869bd26583_segments.csv
  → surprise = 0.3579  segments → segments3/ec3f2fa8-babe-4407-97bc-8fe8f1ee27be_segments.csv
  → surprise = 0.2996  segments → segments3/ec95ad5c-4a9b-480a-8811-2ac6402d9206_segments.csv
  → surprise = 0.3537  segments → segments3/edc25190-7d42-4bf9-b69b-f821da0a9a8e_segments.csv
  → surprise = 0.3189  segments → segments3/edc86f1a-a731-4e34-b308-5644f6d5afba_segments.csv
  → surprise = 0.3471  segments → segments3/eeba49b8-9ee8-494b-b730-eaad889e9625_segments.csv
  → surprise = 0.3567  segments → segments3/f060da75-b485-4ee6-9e48-376bbe1298ac_segments.csv
  → surprise = 0.3214  segments → segments3/f1f66ad3-09d6-447f-baa1-9c0a638fad3b_segments.csv
  → surprise = 0.3523  segments → segments3/f20bca30-b7f0-4d2f-92ae-3982602f05df_segments.csv
  → surprise = 0.3489  segments → segments3/f2b29e04-a09d-4faa-a966-6f639dca11ec_segments.csv
  → surprise = 0.3569  segments → segments3/f6ce04fc-5766-4160-bd19-88131244ea15_segments.csv
  → surprise = 0.3284  segments → segments3/f71187bc-cead-407d-ad14-62812993b6a3_segments.csv
  → surprise = 0.3563  segments → segments3/f79e1747-11e3-4c3e-bfbf-3d2ff85bc3d7_segments.csv
  → surprise = 0.3117  segments → segments3/f8318756-c260-4a35-b5b2-7fa3e74d3b2a_segments.csv
  → surprise = 0.3518  segments → segments3/f87af4b0-6cd9-40d7-94d7-b06eecfcc09e_segments.csv
  → surprise = 0.3489  segments → segments3/f90a8ae7-635c-4c58-a7fd-07879d4cb6d6_segments.csv
  → surprise = 0.3440  segments → segments3/fa245b77-6fe0-4a52-9ae1-1fcac8b9a7aa_segments.csv
  → surprise = 0.3405  segments → segments3/fc076376-5efa-4efe-afab-32761bbaa830_segments.csv
  → surprise = 0.3337  segments → segments3/fd26f13b-87da-4140-854a-575f45f4f048_segments.csv
  → surprise = 0.3595  segments → segments3/fec2a5e2-615f-46b3-a320-b8741c2b6365_segments.csv
  → surprise = 0.3458  segments → segments3/ff8ff452-a779-4ab4-baf4-71588be5274e_segments.csv

Done! Video ranking saved to results3.csv
Segment CSVs saved to segments3/
[gpu-04.hpc.sbme-labs.app] fold 3 finished at 2026-10-07T17:36:45+00:00
=== all folds done: 2026-10-07T17:36:45+00:00 ===

Measure actual usage (run this after the job):
  sacct -j 1184 --format=JobID,JobName,Elapsed,MaxRSS,AveCPU,AllocCPUS,State
